Archive member included to satisfy reference by file (symbol)

D:\Board\LPC824Lite\workspace\lpc_board_ucdrogon_lpc824lite\Debug\liblpc_board_ucdrogon_lpc824lite.a(board.o)
                              ./src/led_toggle.o (Board_LED_Set)
D:\Board\LPC824Lite\workspace\lpc_board_ucdrogon_lpc824lite\Debug\liblpc_board_ucdrogon_lpc824lite.a(board_sysinit.o)
                              ./src/sysinit.o (Board_SystemInit)
D:\Board\LPC824Lite\workspace\lpc_chip_82x\Debug\liblpc_chip_82x.a(chip_8xx.o)
                              ./src/led_toggle.o (SystemCoreClockUpdate)
D:\Board\LPC824Lite\workspace\lpc_chip_82x\Debug\liblpc_chip_82x.a(clock_8xx.o)
                              D:\Board\LPC824Lite\workspace\lpc_chip_82x\Debug\liblpc_chip_82x.a(chip_8xx.o) (Chip_Clock_GetSystemClockRate)
D:\Board\LPC824Lite\workspace\lpc_chip_82x\Debug\liblpc_chip_82x.a(gpio_8xx.o)
                              D:\Board\LPC824Lite\workspace\lpc_board_ucdrogon_lpc824lite\Debug\liblpc_board_ucdrogon_lpc824lite.a(board.o) (Chip_GPIO_Init)
D:\Board\LPC824Lite\workspace\lpc_chip_82x\Debug\liblpc_chip_82x.a(swm_8xx.o)
                              D:\Board\LPC824Lite\workspace\lpc_board_ucdrogon_lpc824lite\Debug\liblpc_board_ucdrogon_lpc824lite.a(board.o) (Chip_SWM_MovablePinAssign)
D:\Board\LPC824Lite\workspace\lpc_chip_82x\Debug\liblpc_chip_82x.a(sysinit_8xx.o)
                              D:\Board\LPC824Lite\workspace\lpc_board_ucdrogon_lpc824lite\Debug\liblpc_board_ucdrogon_lpc824lite.a(board_sysinit.o) (Chip_SetupIrcClocking)
D:\Board\LPC824Lite\workspace\lpc_chip_82x\Debug\liblpc_chip_82x.a(uart_8xx.o)
                              D:\Board\LPC824Lite\workspace\lpc_board_ucdrogon_lpc824lite\Debug\liblpc_board_ucdrogon_lpc824lite.a(board.o) (Chip_UART_Init)
D:\Board\LPC824Lite\workspace\lpc_chip_82x\Debug\liblpc_chip_82x.a(irc_8xx.o)
                              D:\Board\LPC824Lite\workspace\lpc_chip_82x\Debug\liblpc_chip_82x.a(sysinit_8xx.o) (Chip_IRC_SetFreq)
D:\Board\LPC824Lite\workspace\lpc_chip_82x\Debug\liblpc_chip_82x.a(ring_buffer.o)
                              D:\Board\LPC824Lite\workspace\lpc_chip_82x\Debug\liblpc_chip_82x.a(uart_8xx.o) (RingBuffer_Insert)
D:\Board\LPC824Lite\workspace\lpc_chip_82x\Debug\liblpc_chip_82x.a(syscon_8xx.o)
                              D:\Board\LPC824Lite\workspace\lpc_chip_82x\Debug\liblpc_chip_82x.a(sysinit_8xx.o) (Chip_SYSCTL_PowerDown)
c:/nxp/lpcxpresso_8.2.2_650/lpcxpresso/tools/bin/../lib/gcc/arm-none-eabi/5.4.1/../../../../arm-none-eabi/lib/armv6-m\libcr_c.a(memcpy.o)
                              D:\Board\LPC824Lite\workspace\lpc_chip_82x\Debug\liblpc_chip_82x.a(ring_buffer.o) (memcpy)
c:/nxp/lpcxpresso_8.2.2_650/lpcxpresso/tools/bin/../lib/gcc/arm-none-eabi/5.4.1/../../../../arm-none-eabi/lib/armv6-m\libcr_c.a(__weak__main.o)
                              ./src/cr_startup_lpc82x.o (__main)
c:/nxp/lpcxpresso_8.2.2_650/lpcxpresso/tools/bin/../lib/gcc/arm-none-eabi/5.4.1/armv6-m\libcr_eabihelpers.a(division_64.o)
                              D:\Board\LPC824Lite\workspace\lpc_chip_82x\Debug\liblpc_chip_82x.a(clock_8xx.o) (__aeabi_uldivmod)
c:/nxp/lpcxpresso_8.2.2_650/lpcxpresso/tools/bin/../lib/gcc/arm-none-eabi/5.4.1/armv6-m\libcr_eabihelpers.a(division_idiv0.o)
                              c:/nxp/lpcxpresso_8.2.2_650/lpcxpresso/tools/bin/../lib/gcc/arm-none-eabi/5.4.1/armv6-m\libcr_eabihelpers.a(division_64.o) (__aeabi_idiv0)
c:/nxp/lpcxpresso_8.2.2_650/lpcxpresso/tools/bin/../lib/gcc/arm-none-eabi/5.4.1/armv6-m\libcr_eabihelpers.a(memcpy.o)
                              c:/nxp/lpcxpresso_8.2.2_650/lpcxpresso/tools/bin/../lib/gcc/arm-none-eabi/5.4.1/../../../../arm-none-eabi/lib/armv6-m\libcr_c.a(memcpy.o) (__aeabi_memcpy)

Allocating common symbols
Common symbol       size              file

SystemCoreClock     0x4               D:\Board\LPC824Lite\workspace\lpc_chip_82x\Debug\liblpc_chip_82x.a(chip_8xx.o)

Discarded input sections

 .text          0x00000000        0x0 ./src/aeabi_romdiv_patch.o
 .data          0x00000000        0x0 ./src/aeabi_romdiv_patch.o
 .bss           0x00000000        0x0 ./src/aeabi_romdiv_patch.o
 .text.__aeabi_idiv
                0x00000000       0x10 ./src/aeabi_romdiv_patch.o
 .group         0x00000000        0x8 ./src/cr_startup_lpc82x.o
 .text          0x00000000        0x0 ./src/cr_startup_lpc82x.o
 .data          0x00000000        0x0 ./src/cr_startup_lpc82x.o
 .bss           0x00000000        0x0 ./src/cr_startup_lpc82x.o
 .group         0x00000000        0x8 ./src/crp.o
 .group         0x00000000        0x8 ./src/crp.o
 .text          0x00000000        0x0 ./src/crp.o
 .data          0x00000000        0x0 ./src/crp.o
 .bss           0x00000000        0x0 ./src/crp.o
 .debug_macro   0x00000000      0x84a ./src/crp.o
 .group         0x00000000        0x8 ./src/led_toggle.o
 .group         0x00000000        0x8 ./src/led_toggle.o
 .group         0x00000000        0x8 ./src/led_toggle.o
 .group         0x00000000        0x8 ./src/led_toggle.o
[...]
Memory Configuration

Name             Origin             Length             Attributes
MFlash32         0x00000000         0x00008000         xr
RamLoc8          0x10000000         0x00002000         xrw
*default*        0x00000000         0xffffffff

Linker script and memory map

LOAD ./src/aeabi_romdiv_patch.o
LOAD ./src/cr_startup_lpc82x.o
LOAD ./src/crp.o
LOAD ./src/led_toggle.o
LOAD ./src/mtb.o
LOAD ./src/sysinit.o
LOAD D:\Board\LPC824Lite\workspace\lpc_board_ucdrogon_lpc824lite\Debug\liblpc_board_ucdrogon_lpc824lite.a
LOAD D:\Board\LPC824Lite\workspace\lpc_chip_82x\Debug\liblpc_chip_82x.a
START GROUP
LOAD c:/nxp/lpcxpresso_8.2.2_650/lpcxpresso/tools/bin/../lib/gcc/arm-none-eabi/5.4.1/../../../../arm-none-eabi/lib/armv6-m\libcr_c.a
LOAD c:/nxp/lpcxpresso_8.2.2_650/lpcxpresso/tools/bin/../lib/gcc/arm-none-eabi/5.4.1/armv6-m\libcr_eabihelpers.a
END GROUP
                0x00000000                __base_MFlash32 = 0x0
                0x00000000                __base_Flash = 0x0
                0x00008000                __top_MFlash32 = 0x8000
                0x00008000                __top_Flash = 0x8000
                0x10000000                __base_RamLoc8 = 0x10000000
                0x10000000                __base_RAM = 0x10000000
                0x10002000                __top_RamLoc8 = 0x10002000
                0x10002000                __top_RAM = 0x10002000

.text           0x00000000     0x14b8
 FILL mask 0xff
                0x00000000                __vectors_start__ = ABSOLUTE (.)
 *(.isr_vector)
 .isr_vector    0x00000000       0xc0 ./src/cr_startup_lpc82x.o
                0x00000000                g_pfnVectors
                0x000000c0                . = ALIGN (0x4)
                0x000000c0                __section_table_start = .
                0x000000c0                __data_section_table = .
                0x000000c0        0x4 LONG 0x14b8 LOADADDR (.data)
                0x000000c4        0x4 LONG 0x10000100 ADDR (.data)
                0x000000c8        0x4 LONG 0x0 SIZEOF (.data)
                0x000000cc                __data_section_table_end = .
                0x000000cc                __bss_section_table = .
                0x000000cc        0x4 LONG 0x10000100 ADDR (.bss)
                0x000000d0        0x4 LONG 0x14 SIZEOF (.bss)
                0x000000d4                __bss_section_table_end = .
                0x000000d4                __section_table_end = .
 *(.after_vectors*)
 .after_vectors
                0x000000d4      0x150 ./src/cr_startup_lpc82x.o
                0x000000d4                data_init
                0x00000114                bss_init
                0x00000148                ResetISR
                0x000001f4                NMI_Handler
                0x000001fc                HardFault_Handler
                0x00000204                SVC_Handler
                0x0000020c                PendSV_Handler
                0x00000214                SysTick_Handler
                0x0000021c                UART1_IRQHandler
                0x0000021c                ADC_SEQB_IRQHandler
                0x0000021c                UART0_IRQHandler
                0x0000021c                I2C1_IRQHandler
                0x0000021c                MRT_IRQHandler
                0x0000021c                SPI1_IRQHandler
                0x0000021c                PIN_INT6_IRQHandler
                0x0000021c                IntDefaultHandler
                0x0000021c                PIN_INT4_IRQHandler
                0x0000021c                I2C0_IRQHandler
                0x0000021c                I2C2_IRQHandler
                0x0000021c                CMP_IRQHandler
                0x0000021c                UART2_IRQHandler
                0x0000021c                PIN_INT5_IRQHandler
                0x0000021c                PIN_INT2_IRQHandler
                0x0000021c                PIN_INT7_IRQHandler
                0x0000021c                ADC_THCMP_IRQHandler
                0x0000021c                PIN_INT1_IRQHandler
                0x0000021c                BOD_IRQHandler
                0x0000021c                I2C3_IRQHandler
                0x0000021c                SCT_IRQHandler
                0x0000021c                WDT_IRQHandler
                0x0000021c                WKT_IRQHandler
                0x0000021c                ADC_SEQA_IRQHandler
                0x0000021c                PIN_INT0_IRQHandler
                0x0000021c                SPI0_IRQHandler
                0x0000021c                ADC_OVR_IRQHandler
                0x0000021c                DMA_IRQHandler
                0x0000021c                PIN_INT3_IRQHandler
                0x0000021c                FLASH_IRQHandler
                0x000002fc                . = 0x2fc
 *fill*         0x00000224       0xd8 ff
                0x000002fc                PROVIDE (__CRP_WORD_START__, .)
 *(.crp)
 .crp           0x000002fc        0x4 ./src/crp.o
                0x000002fc                CRP_WORD
                0x00000300                PROVIDE (__CRP_WORD_END__, .)
                0x00000001                ASSERT (! ((__CRP_WORD_START__ == __CRP_WORD_END__)), Linker CRP Enabled, but no CRP_WORD provided within application)
 *(.text*)
 .text.__aeabi_uidiv
                0x00000300       0x10 ./src/aeabi_romdiv_patch.o
                0x00000300                __aeabi_uidivmod
                0x00000300                __aeabi_uidiv
 .text.main     0x00000310       0x5c ./src/led_toggle.o
                0x00000310                main
 .text.SystemInit
                0x0000036c       0x10 ./src/sysinit.o
                0x0000036c                SystemInit
 .text.Chip_Clock_EnablePeriphClock
                0x0000037c       0x3c D:\Board\LPC824Lite\workspace\lpc_board_ucdrogon_lpc824lite\Debug\liblpc_board_ucdrogon_lpc824lite.a(board.o)
 .text.Chip_Clock_DisablePeriphClock
                0x000003b8       0x3c D:\Board\LPC824Lite\workspace\lpc_board_ucdrogon_lpc824lite\Debug\liblpc_board_ucdrogon_lpc824lite.a(board.o)
 .text.Chip_Clock_SetUARTClockDiv
                0x000003f4       0x1c D:\Board\LPC824Lite\workspace\lpc_board_ucdrogon_lpc824lite\Debug\liblpc_board_ucdrogon_lpc824lite.a(board.o)
 .text.Chip_SWM_DisableFixedPin
                0x00000410       0x3c D:\Board\LPC824Lite\workspace\lpc_board_ucdrogon_lpc824lite\Debug\liblpc_board_ucdrogon_lpc824lite.a(board.o)
 .text.Chip_GPIO_SetPinState
                0x0000044c       0x40 D:\Board\LPC824Lite\workspace\lpc_board_ucdrogon_lpc824lite\Debug\liblpc_board_ucdrogon_lpc824lite.a(board.o)
 .text.Chip_GPIO_SetPinDIROutput
                0x0000048c       0x3c D:\Board\LPC824Lite\workspace\lpc_board_ucdrogon_lpc824lite\Debug\liblpc_board_ucdrogon_lpc824lite.a(board.o)
 .text.Chip_GPIO_SetPinToggle
                0x000004c8       0x40 D:\Board\LPC824Lite\workspace\lpc_board_ucdrogon_lpc824lite\Debug\liblpc_board_ucdrogon_lpc824lite.a(board.o)
 .text.Chip_UART_Enable
                0x00000508       0x24 D:\Board\LPC824Lite\workspace\lpc_board_ucdrogon_lpc824lite\Debug\liblpc_board_ucdrogon_lpc824lite.a(board.o)
 .text.Chip_UART_TXEnable
                0x0000052c       0x20 D:\Board\LPC824Lite\workspace\lpc_board_ucdrogon_lpc824lite\Debug\liblpc_board_ucdrogon_lpc824lite.a(board.o)
 .text.Chip_UART_ConfigData
                0x0000054c       0x2c D:\Board\LPC824Lite\workspace\lpc_board_ucdrogon_lpc824lite\Debug\liblpc_board_ucdrogon_lpc824lite.a(board.o)
 .text.Board_LED_Init
                0x00000578       0x4c D:\Board\LPC824Lite\workspace\lpc_board_ucdrogon_lpc824lite\Debug\liblpc_board_ucdrogon_lpc824lite.a(board.o)
 .text.Board_UART_Init
                0x000005c4       0x38 D:\Board\LPC824Lite\workspace\lpc_board_ucdrogon_lpc824lite\Debug\liblpc_board_ucdrogon_lpc824lite.a(board.o)
 .text.Board_LED_Set
                0x000005fc       0x48 D:\Board\LPC824Lite\workspace\lpc_board_ucdrogon_lpc824lite\Debug\liblpc_board_ucdrogon_lpc824lite.a(board.o)
                0x000005fc                Board_LED_Set
 .text.Board_LED_Toggle
                0x00000644       0x34 D:\Board\LPC824Lite\workspace\lpc_board_ucdrogon_lpc824lite\Debug\liblpc_board_ucdrogon_lpc824lite.a(board.o)
                0x00000644                Board_LED_Toggle
 .text.Board_Debug_Init
                0x00000678       0x50 D:\Board\LPC824Lite\workspace\lpc_board_ucdrogon_lpc824lite\Debug\liblpc_board_ucdrogon_lpc824lite.a(board.o)
                0x00000678                Board_Debug_Init
 .text.Board_Init
                0x000006c8       0x1c D:\Board\LPC824Lite\workspace\lpc_board_ucdrogon_lpc824lite\Debug\liblpc_board_ucdrogon_lpc824lite.a(board.o)
                0x000006c8                Board_Init
 .text.Chip_Clock_EnablePeriphClock
                0x000006e4       0x3c D:\Board\LPC824Lite\workspace\lpc_board_ucdrogon_lpc824lite\Debug\liblpc_board_ucdrogon_lpc824lite.a(board_sysinit.o)
 .text.Board_SetupMuxing
                0x00000720       0x10 D:\Board\LPC824Lite\workspace\lpc_board_ucdrogon_lpc824lite\Debug\liblpc_board_ucdrogon_lpc824lite.a(board_sysinit.o)
                0x00000720                Board_SetupMuxing
 .text.Board_SetupClocking
                0x00000730       0x10 D:\Board\LPC824Lite\workspace\lpc_board_ucdrogon_lpc824lite\Debug\liblpc_board_ucdrogon_lpc824lite.a(board_sysinit.o)
                0x00000730                Board_SetupClocking
 .text.Board_SystemInit
                0x00000740       0x14 D:\Board\LPC824Lite\workspace\lpc_board_ucdrogon_lpc824lite\Debug\liblpc_board_ucdrogon_lpc824lite.a(board_sysinit.o)
                0x00000740                Board_SystemInit
 .text.SystemCoreClockUpdate
                0x00000754       0x18 D:\Board\LPC824Lite\workspace\lpc_chip_82x\Debug\liblpc_chip_82x.a(chip_8xx.o)
                0x00000754                SystemCoreClockUpdate
 .text.Chip_SYSCTL_AssertPeriphReset
                0x0000076c       0x38 D:\Board\LPC824Lite\workspace\lpc_chip_82x\Debug\liblpc_chip_82x.a(clock_8xx.o)
 .text.Chip_SYSCTL_DeassertPeriphReset
                0x000007a4       0x38 D:\Board\LPC824Lite\workspace\lpc_chip_82x\Debug\liblpc_chip_82x.a(clock_8xx.o)
 .text.Chip_SYSCTL_PeriphReset
                0x000007dc       0x28 D:\Board\LPC824Lite\workspace\lpc_chip_82x\Debug\liblpc_chip_82x.a(clock_8xx.o)
 .text.Chip_Clock_SetUARTClockDiv
                0x00000804       0x1c D:\Board\LPC824Lite\workspace\lpc_chip_82x\Debug\liblpc_chip_82x.a(clock_8xx.o)
 .text.Chip_Clock_GetUARTClockDiv
                0x00000820       0x18 D:\Board\LPC824Lite\workspace\lpc_chip_82x\Debug\liblpc_chip_82x.a(clock_8xx.o)
 .text.Chip_SYSCTL_SetUSARTFRGDivider
                0x00000838       0x24 D:\Board\LPC824Lite\workspace\lpc_chip_82x\Debug\liblpc_chip_82x.a(clock_8xx.o)
 .text.Chip_SYSCTL_GetUSARTFRGDivider
                0x0000085c       0x18 D:\Board\LPC824Lite\workspace\lpc_chip_82x\Debug\liblpc_chip_82x.a(clock_8xx.o)
 .text.Chip_SYSCTL_SetUSARTFRGMultiplier
                0x00000874       0x24 D:\Board\LPC824Lite\workspace\lpc_chip_82x\Debug\liblpc_chip_82x.a(clock_8xx.o)
 .text.Chip_SYSCTL_GetUSARTFRGMultiplier
                0x00000898       0x18 D:\Board\LPC824Lite\workspace\lpc_chip_82x\Debug\liblpc_chip_82x.a(clock_8xx.o)
 .text.Chip_Clock_GetMainOscRate
                0x000008b0       0x14 D:\Board\LPC824Lite\workspace\lpc_chip_82x\Debug\liblpc_chip_82x.a(clock_8xx.o)
 .text.Chip_Clock_GetIntOscRate
                0x000008c4       0x10 D:\Board\LPC824Lite\workspace\lpc_chip_82x\Debug\liblpc_chip_82x.a(clock_8xx.o)
 .text.Chip_Clock_GetExtClockInRate
                0x000008d4       0x14 D:\Board\LPC824Lite\workspace\lpc_chip_82x\Debug\liblpc_chip_82x.a(clock_8xx.o)
 .text.Chip_Clock_GetWDTLFORate
                0x000008e8       0x48 D:\Board\LPC824Lite\workspace\lpc_chip_82x\Debug\liblpc_chip_82x.a(clock_8xx.o)
 .text.Chip_Clock_GetPLLFreq
                0x00000930       0x24 D:\Board\LPC824Lite\workspace\lpc_chip_82x\Debug\liblpc_chip_82x.a(clock_8xx.o)
 .text.Chip_Clock_SetSystemPLLSource
                0x00000954       0x2c D:\Board\LPC824Lite\workspace\lpc_chip_82x\Debug\liblpc_chip_82x.a(clock_8xx.o)
                0x00000954                Chip_Clock_SetSystemPLLSource
 .text.Chip_Clock_SetMainClockSource
                0x00000980       0x2c D:\Board\LPC824Lite\workspace\lpc_chip_82x\Debug\liblpc_chip_82x.a(clock_8xx.o)
                0x00000980                Chip_Clock_SetMainClockSource
 .text.Chip_Clock_GetWDTOSCRate
                0x000009ac       0x20 D:\Board\LPC824Lite\workspace\lpc_chip_82x\Debug\liblpc_chip_82x.a(clock_8xx.o)
                0x000009ac                Chip_Clock_GetWDTOSCRate
 .text.Chip_Clock_GetSystemPLLInClockRate
                0x000009cc       0x4c D:\Board\LPC824Lite\workspace\lpc_chip_82x\Debug\liblpc_chip_82x.a(clock_8xx.o)
                0x000009cc                Chip_Clock_GetSystemPLLInClockRate
 .text.Chip_Clock_GetSystemPLLOutClockRate
                0x00000a18       0x28 D:\Board\LPC824Lite\workspace\lpc_chip_82x\Debug\liblpc_chip_82x.a(clock_8xx.o)
                0x00000a18                Chip_Clock_GetSystemPLLOutClockRate
 .text.Chip_Clock_GetMainClockRate
                0x00000a40       0x60 D:\Board\LPC824Lite\workspace\lpc_chip_82x\Debug\liblpc_chip_82x.a(clock_8xx.o)
                0x00000a40                Chip_Clock_GetMainClockRate
 .text.Chip_Clock_GetSystemClockRate
                0x00000aa0       0x24 D:\Board\LPC824Lite\workspace\lpc_chip_82x\Debug\liblpc_chip_82x.a(clock_8xx.o)
                0x00000aa0                Chip_Clock_GetSystemClockRate
 .text.Chip_Clock_GetUSARTNBaseClockRate
                0x00000ac4       0x84 D:\Board\LPC824Lite\workspace\lpc_chip_82x\Debug\liblpc_chip_82x.a(clock_8xx.o)
                0x00000ac4                Chip_Clock_GetUSARTNBaseClockRate
 .text.Chip_Clock_SetUSARTNBaseClockRate
                0x00000b48       0x84 D:\Board\LPC824Lite\workspace\lpc_chip_82x\Debug\liblpc_chip_82x.a(clock_8xx.o)
                0x00000b48                Chip_Clock_SetUSARTNBaseClockRate
 .text.Chip_Clock_EnablePeriphClock
                0x00000bcc       0x3c D:\Board\LPC824Lite\workspace\lpc_chip_82x\Debug\liblpc_chip_82x.a(gpio_8xx.o)
 .text.Chip_GPIO_Init
                0x00000c08       0x18 D:\Board\LPC824Lite\workspace\lpc_chip_82x\Debug\liblpc_chip_82x.a(gpio_8xx.o)
                0x00000c08                Chip_GPIO_Init
 .text.Chip_SWM_MovablePinAssign
                0x00000c20       0x64 D:\Board\LPC824Lite\workspace\lpc_chip_82x\Debug\liblpc_chip_82x.a(swm_8xx.o)
                0x00000c20                Chip_SWM_MovablePinAssign
 .text.Chip_SetupIrcClocking
                0x00000c84       0x20 D:\Board\LPC824Lite\workspace\lpc_chip_82x\Debug\liblpc_chip_82x.a(sysinit_8xx.o)
                0x00000c84                Chip_SetupIrcClocking
 .text.Chip_SYSCTL_AssertPeriphReset
                0x00000ca4       0x38 D:\Board\LPC824Lite\workspace\lpc_chip_82x\Debug\liblpc_chip_82x.a(uart_8xx.o)
 .text.Chip_SYSCTL_DeassertPeriphReset
                0x00000cdc       0x38 D:\Board\LPC824Lite\workspace\lpc_chip_82x\Debug\liblpc_chip_82x.a(uart_8xx.o)
 .text.Chip_SYSCTL_PeriphReset
                0x00000d14       0x28 D:\Board\LPC824Lite\workspace\lpc_chip_82x\Debug\liblpc_chip_82x.a(uart_8xx.o)
 .text.Chip_Clock_EnablePeriphClock
                0x00000d3c       0x3c D:\Board\LPC824Lite\workspace\lpc_chip_82x\Debug\liblpc_chip_82x.a(uart_8xx.o)
 .text.getUARTClockID
                0x00000d78       0x34 D:\Board\LPC824Lite\workspace\lpc_chip_82x\Debug\liblpc_chip_82x.a(uart_8xx.o)
 .text.Chip_UART_Init
                0x00000dac       0x50 D:\Board\LPC824Lite\workspace\lpc_chip_82x\Debug\liblpc_chip_82x.a(uart_8xx.o)
                0x00000dac                Chip_UART_Init
 .text.Chip_UART_SetBaud
                0x00000dfc       0x30 D:\Board\LPC824Lite\workspace\lpc_chip_82x\Debug\liblpc_chip_82x.a(uart_8xx.o)
                0x00000dfc                Chip_UART_SetBaud
 .text.Chip_Clock_SetupSystemPLL
                0x00000e2c       0x38 D:\Board\LPC824Lite\workspace\lpc_chip_82x\Debug\liblpc_chip_82x.a(irc_8xx.o)
 .text.Chip_Clock_IsSystemPLLLocked
                0x00000e64       0x1c D:\Board\LPC824Lite\workspace\lpc_chip_82x\Debug\liblpc_chip_82x.a(irc_8xx.o)
 .text.Chip_Clock_SetSysClockDiv
                0x00000e80       0x1c D:\Board\LPC824Lite\workspace\lpc_chip_82x\Debug\liblpc_chip_82x.a(irc_8xx.o)
 .text.Chip_FMC_SetFLASHAccess
                0x00000e9c       0x2c D:\Board\LPC824Lite\workspace\lpc_chip_82x\Debug\liblpc_chip_82x.a(irc_8xx.o)
 .text.pll_config
                0x00000ec8       0x6c D:\Board\LPC824Lite\workspace\lpc_chip_82x\Debug\liblpc_chip_82x.a(irc_8xx.o)
 .text.Chip_IRC_SetFreq
                0x00000f34       0xf4 D:\Board\LPC824Lite\workspace\lpc_chip_82x\Debug\liblpc_chip_82x.a(irc_8xx.o)
                0x00000f34                Chip_IRC_SetFreq
 .text.Chip_SYSCTL_PowerDown
                0x00001028       0x44 D:\Board\LPC824Lite\workspace\lpc_chip_82x\Debug\liblpc_chip_82x.a(syscon_8xx.o)
                0x00001028                Chip_SYSCTL_PowerDown
 .text.Chip_SYSCTL_PowerUp
                0x0000106c       0x44 D:\Board\LPC824Lite\workspace\lpc_chip_82x\Debug\liblpc_chip_82x.a(syscon_8xx.o)
                0x0000106c                Chip_SYSCTL_PowerUp
 .text.__weak_main
                0x000010b0        0x8 c:/nxp/lpcxpresso_8.2.2_650/lpcxpresso/tools/bin/../lib/gcc/arm-none-eabi/5.4.1/../../../../arm-none-eabi/lib/armv6-m\libcr_c.a(__weak__main.o)
                0x000010b0                __weak_main
                0x000010b0                __main
 .text.__aeabi_division_uldivmod
                0x000010b8       0x5a c:/nxp/lpcxpresso_8.2.2_650/lpcxpresso/tools/bin/../lib/gcc/arm-none-eabi/5.4.1/armv6-m\libcr_eabihelpers.a(division_64.o)
                0x000010b8                __aeabi_uldivmod
 .text.__aeabi_division_idiv0
                0x00001112        0x2 c:/nxp/lpcxpresso_8.2.2_650/lpcxpresso/tools/bin/../lib/gcc/arm-none-eabi/5.4.1/armv6-m\libcr_eabihelpers.a(division_idiv0.o)
                0x00001112                __aeabi_idiv0
 *(.rodata .rodata.* .constdata .constdata.*)
 .rodata.ledBits
                0x00001114        0x8 D:\Board\LPC824Lite\workspace\lpc_board_ucdrogon_lpc824lite\Debug\liblpc_board_ucdrogon_lpc824lite.a(board.o)
 .rodata.OscRateIn
                0x0000111c        0x4 D:\Board\LPC824Lite\workspace\lpc_board_ucdrogon_lpc824lite\Debug\liblpc_board_ucdrogon_lpc824lite.a(board.o)
                0x0000111c                OscRateIn
 .rodata.ExtRateIn
                0x00001120        0x4 D:\Board\LPC824Lite\workspace\lpc_board_ucdrogon_lpc824lite\Debug\liblpc_board_ucdrogon_lpc824lite.a(board.o)
                0x00001120                ExtRateIn
 .rodata.wdtOSCRate
                0x00001124       0x40 D:\Board\LPC824Lite\workspace\lpc_chip_82x\Debug\liblpc_chip_82x.a(clock_8xx.o)
 .rodata.config_tab
                0x00001164      0x354 D:\Board\LPC824Lite\workspace\lpc_chip_82x\Debug\liblpc_chip_82x.a(irc_8xx.o)
                0x000014b8                . = ALIGN (0x4)

.glue_7         0x000014b8        0x0
 .glue_7        0x000014b8        0x0 linker stubs

.glue_7t        0x000014b8        0x0
 .glue_7t       0x000014b8        0x0 linker stubs

.vfp11_veneer   0x000014b8        0x0
 .vfp11_veneer  0x000014b8        0x0 linker stubs

.v4_bx          0x000014b8        0x0
 .v4_bx         0x000014b8        0x0 linker stubs

.iplt           0x000014b8        0x0
 .iplt          0x000014b8        0x0 ./src/aeabi_romdiv_patch.o

.rel.dyn        0x000014b8        0x0
 .rel.iplt      0x000014b8        0x0 ./src/aeabi_romdiv_patch.o

.ARM.extab
 *(.ARM.extab* .gnu.linkonce.armextab.*)
                0x000014b8                __exidx_start = .

.ARM.exidx
 *(.ARM.exidx* .gnu.linkonce.armexidx.*)
                0x000014b8                __exidx_end = .
                0x000014b8                _etext = .

.mtb_buffer_default
                0x10000000      0x100
 *(.mtb*)
 .mtb.$RAM1     0x10000000      0x100 ./src/mtb.o
                0x10000000                __mtb_buffer__

.uninit_RESERVED
                0x10000100        0x0
 *(.bss.$RESERVED*)
                0x10000100                . = ALIGN (0x4)
                0x10000100                _end_uninit_RESERVED = .

.data           0x10000100        0x0 load address 0x000014b8
 FILL mask 0xff
                0x10000100                _data = .
 *(vtable)
 *(.ramfunc*)
 *(.data*)
                0x10000100                . = ALIGN (0x4)
                0x10000100                _edata = .

.igot.plt       0x10000100        0x0 load address 0x000014b8
 .igot.plt      0x10000100        0x0 ./src/aeabi_romdiv_patch.o

.bss            0x10000100       0x14 load address 0x000014b8
                0x10000100                _bss = .
 *(.bss*)
 .bss.pDivRom_idiv
                0x10000100        0x4 ./src/cr_startup_lpc82x.o
                0x10000100                pDivRom_idiv
 .bss.pDivRom_uidiv
                0x10000104        0x4 ./src/cr_startup_lpc82x.o
                0x10000104                pDivRom_uidiv
 .bss.i.7105    0x10000108        0x4 ./src/led_toggle.o
 .bss.config_tab_idx
                0x1000010c        0x2 D:\Board\LPC824Lite\workspace\lpc_chip_82x\Debug\liblpc_chip_82x.a(irc_8xx.o)
 *(COMMON)
 *fill*         0x1000010e        0x2 
 COMMON         0x10000110        0x4 D:\Board\LPC824Lite\workspace\lpc_chip_82x\Debug\liblpc_chip_82x.a(chip_8xx.o)
                0x10000110                SystemCoreClock
                0x10000114                . = ALIGN (0x4)
                0x10000114                _ebss = .
                [!provide]                PROVIDE (end, .)

.noinit         0x10000114        0x0 load address 0x000014b8
                0x10000114                _noinit = .
 *(.noinit*)
                0x10000114                . = ALIGN (0x4)
                0x10000114                _end_noinit = .
                [!provide]                PROVIDE (_pvHeapStart, DEFINED (__user_heap_base)?__user_heap_base:.)
                0x10002000                PROVIDE (_vStackTop, DEFINED (__user_stack_top)?__user_stack_top:(__top_RamLoc8 - 0x0))
                0xefffdac5                PROVIDE (__valid_user_code_checksum, (0x0 - (((_vStackTop + (ResetISR + 0x1)) + (DEFINED (NMI_Handler)?NMI_Handler:M0_NMI_Handler + 0x1)) + (DEFINED (HardFault_Handler)?HardFault_Handler:M0_HardFault_Handler + 0x1))))
OUTPUT(led_toggle.axf elf32-littlearm)

.ARM.attributes
                0x00000000       0x2d
 .ARM.attributes
                0x00000000       0x21 ./src/aeabi_romdiv_patch.o
 .ARM.attributes
                0x00000021       0x31 ./src/cr_startup_lpc82x.o
 .ARM.attributes
                0x00000052       0x31 ./src/crp.o
 .ARM.attributes
                0x00000083       0x31 ./src/led_toggle.o
 .ARM.attributes
                0x000000b4       0x31 ./src/mtb.o
 .ARM.attributes
                0x000000e5       0x31 ./src/sysinit.o
 .ARM.attributes
                0x00000116       0x31 D:\Board\LPC824Lite\workspace\lpc_board_ucdrogon_lpc824lite\Debug\liblpc_board_ucdrogon_lpc824lite.a(board.o)
 .ARM.attributes
                0x00000147       0x31 D:\Board\LPC824Lite\workspace\lpc_board_ucdrogon_lpc824lite\Debug\liblpc_board_ucdrogon_lpc824lite.a(board_sysinit.o)
 .ARM.attributes
                0x00000178       0x31 D:\Board\LPC824Lite\workspace\lpc_chip_82x\Debug\liblpc_chip_82x.a(chip_8xx.o)
 .ARM.attributes
                0x000001a9       0x31 D:\Board\LPC824Lite\workspace\lpc_chip_82x\Debug\liblpc_chip_82x.a(clock_8xx.o)
 .ARM.attributes
                0x000001da       0x31 D:\Board\LPC824Lite\workspace\lpc_chip_82x\Debug\liblpc_chip_82x.a(gpio_8xx.o)
 .ARM.attributes
                0x0000020b       0x31 D:\Board\LPC824Lite\workspace\lpc_chip_82x\Debug\liblpc_chip_82x.a(swm_8xx.o)
 .ARM.attributes
                0x0000023c       0x31 D:\Board\LPC824Lite\workspace\lpc_chip_82x\Debug\liblpc_chip_82x.a(sysinit_8xx.o)
 .ARM.attributes
                0x0000026d       0x31 D:\Board\LPC824Lite\workspace\lpc_chip_82x\Debug\liblpc_chip_82x.a(uart_8xx.o)
 .ARM.attributes
                0x0000029e       0x31 D:\Board\LPC824Lite\workspace\lpc_chip_82x\Debug\liblpc_chip_82x.a(irc_8xx.o)
 .ARM.attributes
                0x000002cf       0x31 D:\Board\LPC824Lite\workspace\lpc_chip_82x\Debug\liblpc_chip_82x.a(syscon_8xx.o)
 .ARM.attributes
                0x00000300       0x31 c:/nxp/lpcxpresso_8.2.2_650/lpcxpresso/tools/bin/../lib/gcc/arm-none-eabi/5.4.1/../../../../arm-none-eabi/lib/armv6-m\libcr_c.a(__weak__main.o)
 .ARM.attributes
                0x00000331       0x21 c:/nxp/lpcxpresso_8.2.2_650/lpcxpresso/tools/bin/../lib/gcc/arm-none-eabi/5.4.1/armv6-m\libcr_eabihelpers.a(division_64.o)
 .ARM.attributes
                0x00000352       0x21 c:/nxp/lpcxpresso_8.2.2_650/lpcxpresso/tools/bin/../lib/gcc/arm-none-eabi/5.4.1/armv6-m\libcr_eabihelpers.a(division_idiv0.o)

.comment        0x00000000       0xdc
 .comment       0x00000000       0x6e ./src/cr_startup_lpc82x.o
                                 0x6f (size before relaxing)
 .comment       0x0000006e       0x6f ./src/crp.o
 .comment       0x0000006e       0x6f ./src/led_toggle.o
 .comment       0x0000006e       0x6f ./src/mtb.o
 .comment       0x0000006e       0x6f ./src/sysinit.o
 .comment       0x0000006e       0x6f D:\Board\LPC824Lite\workspace\lpc_board_ucdrogon_lpc824lite\Debug\liblpc_board_ucdrogon_lpc824lite.a(board.o)
 .comment       0x0000006e       0x6f D:\Board\LPC824Lite\workspace\lpc_board_ucdrogon_lpc824lite\Debug\liblpc_board_ucdrogon_lpc824lite.a(board_sysinit.o)
 .comment       0x0000006e       0x6f D:\Board\LPC824Lite\workspace\lpc_chip_82x\Debug\liblpc_chip_82x.a(chip_8xx.o)
 .comment       0x0000006e       0x6f D:\Board\LPC824Lite\workspace\lpc_chip_82x\Debug\liblpc_chip_82x.a(clock_8xx.o)
 .comment       0x0000006e       0x6f D:\Board\LPC824Lite\workspace\lpc_chip_82x\Debug\liblpc_chip_82x.a(gpio_8xx.o)
 .comment       0x0000006e       0x6f D:\Board\LPC824Lite\workspace\lpc_chip_82x\Debug\liblpc_chip_82x.a(swm_8xx.o)
 .comment       0x0000006e       0x6f D:\Board\LPC824Lite\workspace\lpc_chip_82x\Debug\liblpc_chip_82x.a(sysinit_8xx.o)
 .comment       0x0000006e       0x6f D:\Board\LPC824Lite\workspace\lpc_chip_82x\Debug\liblpc_chip_82x.a(uart_8xx.o)
 .comment       0x0000006e       0x6f D:\Board\LPC824Lite\workspace\lpc_chip_82x\Debug\liblpc_chip_82x.a(irc_8xx.o)
 .comment       0x0000006e       0x6f D:\Board\LPC824Lite\workspace\lpc_chip_82x\Debug\liblpc_chip_82x.a(syscon_8xx.o)
 .comment       0x0000006e       0x6e c:/nxp/lpcxpresso_8.2.2_650/lpcxpresso/tools/bin/../lib/gcc/arm-none-eabi/5.4.1/../../../../arm-none-eabi/lib/armv6-m\libcr_c.a(__weak__main.o)
                                 0x6f (size before relaxing)

.debug_line     0x00000000     0x3881
 .debug_line    0x00000000       0x65 ./src/aeabi_romdiv_patch.o
 .debug_line    0x00000065       0xbe ./src/cr_startup_lpc82x.o
 .debug_line    0x00000123       0x78 ./src/crp.o
 .debug_line    0x0000019b      0x46a ./src/led_toggle.o
 .debug_line    0x00000605       0x95 ./src/mtb.o
 .debug_line    0x0000069a      0x3fc ./src/sysinit.o
 .debug_line    0x00000a96      0x674 D:\Board\LPC824Lite\workspace\lpc_board_ucdrogon_lpc824lite\Debug\liblpc_board_ucdrogon_lpc824lite.a(board.o)
 .debug_line    0x0000110a      0x43e D:\Board\LPC824Lite\workspace\lpc_board_ucdrogon_lpc824lite\Debug\liblpc_board_ucdrogon_lpc824lite.a(board_sysinit.o)
 .debug_line    0x00001548      0x398 D:\Board\LPC824Lite\workspace\lpc_chip_82x\Debug\liblpc_chip_82x.a(chip_8xx.o)
 .debug_line    0x000018e0      0x5e7 D:\Board\LPC824Lite\workspace\lpc_chip_82x\Debug\liblpc_chip_82x.a(clock_8xx.o)
 .debug_line    0x00001ec7      0x3d1 D:\Board\LPC824Lite\workspace\lpc_chip_82x\Debug\liblpc_chip_82x.a(gpio_8xx.o)
 .debug_line    0x00002298      0x3d8 D:\Board\LPC824Lite\workspace\lpc_chip_82x\Debug\liblpc_chip_82x.a(swm_8xx.o)
 .debug_line    0x00002670      0x420 D:\Board\LPC824Lite\workspace\lpc_chip_82x\Debug\liblpc_chip_82x.a(sysinit_8xx.o)
 .debug_line    0x00002a90      0x5bc D:\Board\LPC824Lite\workspace\lpc_chip_82x\Debug\liblpc_chip_82x.a(uart_8xx.o)
 .debug_line    0x0000304c      0x460 D:\Board\LPC824Lite\workspace\lpc_chip_82x\Debug\liblpc_chip_82x.a(irc_8xx.o)
 .debug_line    0x000034ac      0x3d5 D:\Board\LPC824Lite\workspace\lpc_chip_82x\Debug\liblpc_chip_82x.a(syscon_8xx.o)

.debug_info     0x00000000     0x56c8
 .debug_info    0x00000000       0x6f ./src/aeabi_romdiv_patch.o
 .debug_info    0x0000006f      0x239 ./src/cr_startup_lpc82x.o
 .debug_info    0x000002a8       0x3f ./src/crp.o
 .debug_info    0x000002e7       0xe0 ./src/led_toggle.o
 .debug_info    0x000003c7       0x51 ./src/mtb.o
 .debug_info    0x00000418       0xc3 ./src/sysinit.o
 .debug_info    0x000004db      0xfc8 D:\Board\LPC824Lite\workspace\lpc_board_ucdrogon_lpc824lite\Debug\liblpc_board_ucdrogon_lpc824lite.a(board.o)
 .debug_info    0x000014a3      0x4f9 D:\Board\LPC824Lite\workspace\lpc_board_ucdrogon_lpc824lite\Debug\liblpc_board_ucdrogon_lpc824lite.a(board_sysinit.o)
 .debug_info    0x0000199c      0x1cb D:\Board\LPC824Lite\workspace\lpc_chip_82x\Debug\liblpc_chip_82x.a(chip_8xx.o)
 .debug_info    0x00001b67      0xb7f D:\Board\LPC824Lite\workspace\lpc_chip_82x\Debug\liblpc_chip_82x.a(clock_8xx.o)
 .debug_info    0x000026e6      0x665 D:\Board\LPC824Lite\workspace\lpc_chip_82x\Debug\liblpc_chip_82x.a(gpio_8xx.o)
 .debug_info    0x00002d4b      0x3f1 D:\Board\LPC824Lite\workspace\lpc_chip_82x\Debug\liblpc_chip_82x.a(swm_8xx.o)
 .debug_info    0x0000313c      0x5ea D:\Board\LPC824Lite\workspace\lpc_chip_82x\Debug\liblpc_chip_82x.a(sysinit_8xx.o)
 .debug_info    0x00003726      0xbc6 D:\Board\LPC824Lite\workspace\lpc_chip_82x\Debug\liblpc_chip_82x.a(uart_8xx.o)
 .debug_info    0x000042ec      0xf4d D:\Board\LPC824Lite\workspace\lpc_chip_82x\Debug\liblpc_chip_82x.a(irc_8xx.o)
 .debug_info    0x00005239      0x48f D:\Board\LPC824Lite\workspace\lpc_chip_82x\Debug\liblpc_chip_82x.a(syscon_8xx.o)

.debug_abbrev   0x00000000     0x10db
 .debug_abbrev  0x00000000       0x12 ./src/aeabi_romdiv_patch.o
 .debug_abbrev  0x00000012       0xf5 ./src/cr_startup_lpc82x.o
 .debug_abbrev  0x00000107       0x36 ./src/crp.o
 .debug_abbrev  0x0000013d       0x84 ./src/led_toggle.o
 .debug_abbrev  0x000001c1       0x41 ./src/mtb.o
 .debug_abbrev  0x00000202       0x6a ./src/sysinit.o
 .debug_abbrev  0x0000026c      0x222 D:\Board\LPC824Lite\workspace\lpc_board_ucdrogon_lpc824lite\Debug\liblpc_board_ucdrogon_lpc824lite.a(board.o)
 .debug_abbrev  0x0000048e       0xef D:\Board\LPC824Lite\workspace\lpc_board_ucdrogon_lpc824lite\Debug\liblpc_board_ucdrogon_lpc824lite.a(board_sysinit.o)
 .debug_abbrev  0x0000057d       0x93 D:\Board\LPC824Lite\workspace\lpc_chip_82x\Debug\liblpc_chip_82x.a(chip_8xx.o)
 .debug_abbrev  0x00000610      0x272 D:\Board\LPC824Lite\workspace\lpc_chip_82x\Debug\liblpc_chip_82x.a(clock_8xx.o)
 .debug_abbrev  0x00000882      0x127 D:\Board\LPC824Lite\workspace\lpc_chip_82x\Debug\liblpc_chip_82x.a(gpio_8xx.o)
 .debug_abbrev  0x000009a9      0x138 D:\Board\LPC824Lite\workspace\lpc_chip_82x\Debug\liblpc_chip_82x.a(swm_8xx.o)
 .debug_abbrev  0x00000ae1      0x141 D:\Board\LPC824Lite\workspace\lpc_chip_82x\Debug\liblpc_chip_82x.a(sysinit_8xx.o)
 .debug_abbrev  0x00000c22      0x1f6 D:\Board\LPC824Lite\workspace\lpc_chip_82x\Debug\liblpc_chip_82x.a(uart_8xx.o)
 .debug_abbrev  0x00000e18      0x1f5 D:\Board\LPC824Lite\workspace\lpc_chip_82x\Debug\liblpc_chip_82x.a(irc_8xx.o)
 .debug_abbrev  0x0000100d       0xce D:\Board\LPC824Lite\workspace\lpc_chip_82x\Debug\liblpc_chip_82x.a(syscon_8xx.o)

.debug_aranges  0x00000000      0x548
 .debug_aranges
                0x00000000       0x28 ./src/aeabi_romdiv_patch.o
 .debug_aranges
                0x00000028       0x60 ./src/cr_startup_lpc82x.o
 .debug_aranges
                0x00000088       0x18 ./src/crp.o
 .debug_aranges
                0x000000a0       0x20 ./src/led_toggle.o
 .debug_aranges
                0x000000c0       0x18 ./src/mtb.o
 .debug_aranges
                0x000000d8       0x20 ./src/sysinit.o
 .debug_aranges
                0x000000f8       0xe0 D:\Board\LPC824Lite\workspace\lpc_board_ucdrogon_lpc824lite\Debug\liblpc_board_ucdrogon_lpc824lite.a(board.o)
 .debug_aranges
                0x000001d8       0x38 D:\Board\LPC824Lite\workspace\lpc_board_ucdrogon_lpc824lite\Debug\liblpc_board_ucdrogon_lpc824lite.a(board_sysinit.o)
 .debug_aranges
                0x00000210       0x20 D:\Board\LPC824Lite\workspace\lpc_chip_82x\Debug\liblpc_chip_82x.a(chip_8xx.o)
 .debug_aranges
                0x00000230       0xf0 D:\Board\LPC824Lite\workspace\lpc_chip_82x\Debug\liblpc_chip_82x.a(clock_8xx.o)
 .debug_aranges
                0x00000320       0x38 D:\Board\LPC824Lite\workspace\lpc_chip_82x\Debug\liblpc_chip_82x.a(gpio_8xx.o)
 .debug_aranges
                0x00000358       0x38 D:\Board\LPC824Lite\workspace\lpc_chip_82x\Debug\liblpc_chip_82x.a(swm_8xx.o)
 .debug_aranges
                0x00000390       0x50 D:\Board\LPC824Lite\workspace\lpc_chip_82x\Debug\liblpc_chip_82x.a(sysinit_8xx.o)
 .debug_aranges
                0x000003e0       0xd8 D:\Board\LPC824Lite\workspace\lpc_chip_82x\Debug\liblpc_chip_82x.a(uart_8xx.o)
 .debug_aranges
                0x000004b8       0x58 D:\Board\LPC824Lite\workspace\lpc_chip_82x\Debug\liblpc_chip_82x.a(irc_8xx.o)
 .debug_aranges
                0x00000510       0x38 D:\Board\LPC824Lite\workspace\lpc_chip_82x\Debug\liblpc_chip_82x.a(syscon_8xx.o)

.debug_ranges   0x00000000      0x440
 .debug_ranges  0x00000000       0x20 ./src/aeabi_romdiv_patch.o
 .debug_ranges  0x00000020       0x50 ./src/cr_startup_lpc82x.o
 .debug_ranges  0x00000070       0x10 ./src/led_toggle.o
 .debug_ranges  0x00000080       0x10 ./src/sysinit.o
 .debug_ranges  0x00000090       0xd0 D:\Board\LPC824Lite\workspace\lpc_board_ucdrogon_lpc824lite\Debug\liblpc_board_ucdrogon_lpc824lite.a(board.o)
 .debug_ranges  0x00000160       0x28 D:\Board\LPC824Lite\workspace\lpc_board_ucdrogon_lpc824lite\Debug\liblpc_board_ucdrogon_lpc824lite.a(board_sysinit.o)
 .debug_ranges  0x00000188       0x10 D:\Board\LPC824Lite\workspace\lpc_chip_82x\Debug\liblpc_chip_82x.a(chip_8xx.o)
 .debug_ranges  0x00000198       0xe0 D:\Board\LPC824Lite\workspace\lpc_chip_82x\Debug\liblpc_chip_82x.a(clock_8xx.o)
 .debug_ranges  0x00000278       0x28 D:\Board\LPC824Lite\workspace\lpc_chip_82x\Debug\liblpc_chip_82x.a(gpio_8xx.o)
 .debug_ranges  0x000002a0       0x28 D:\Board\LPC824Lite\workspace\lpc_chip_82x\Debug\liblpc_chip_82x.a(swm_8xx.o)
 .debug_ranges  0x000002c8       0x40 D:\Board\LPC824Lite\workspace\lpc_chip_82x\Debug\liblpc_chip_82x.a(sysinit_8xx.o)
 .debug_ranges  0x00000308       0xc8 D:\Board\LPC824Lite\workspace\lpc_chip_82x\Debug\liblpc_chip_82x.a(uart_8xx.o)
 .debug_ranges  0x000003d0       0x48 D:\Board\LPC824Lite\workspace\lpc_chip_82x\Debug\liblpc_chip_82x.a(irc_8xx.o)
 .debug_ranges  0x00000418       0x28 D:\Board\LPC824Lite\workspace\lpc_chip_82x\Debug\liblpc_chip_82x.a(syscon_8xx.o)

.debug_macro    0x00000000     0x5340
 .debug_macro   0x00000000       0x23 ./src/cr_startup_lpc82x.o
 .debug_macro   0x00000023      0x84a ./src/cr_startup_lpc82x.o
 .debug_macro   0x0000086d       0x1a ./src/crp.o
 .debug_macro   0x00000887       0x34 ./src/crp.o
 .debug_macro   0x000008bb      0x23d ./src/led_toggle.o
 .debug_macro   0x00000af8       0x10 ./src/led_toggle.o
 .debug_macro   0x00000b08      0x12d ./src/led_toggle.o
 .debug_macro   0x00000c35      0x5b2 ./src/led_toggle.o
 .debug_macro   0x000011e7       0x22 ./src/led_toggle.o
 .debug_macro   0x00001209       0x7b ./src/led_toggle.o
 .debug_macro   0x00001284       0x16 ./src/led_toggle.o
 .debug_macro   0x0000129a       0x28 ./src/led_toggle.o
 .debug_macro   0x000012c2       0x3a ./src/led_toggle.o
 .debug_macro   0x000012fc       0x1f ./src/led_toggle.o
 .debug_macro   0x0000131b      0x250 ./src/led_toggle.o
 .debug_macro   0x0000156b      0x1ae ./src/led_toggle.o
 .debug_macro   0x00001719       0xca ./src/led_toggle.o
 .debug_macro   0x000017e3       0x6a ./src/led_toggle.o
 .debug_macro   0x0000184d       0x70 ./src/led_toggle.o
 .debug_macro   0x000018bd       0x28 ./src/led_toggle.o
 .debug_macro   0x000018e5      0x190 ./src/led_toggle.o
 .debug_macro   0x00001a75       0x24 ./src/led_toggle.o
 .debug_macro   0x00001a99       0x64 ./src/led_toggle.o
 .debug_macro   0x00001afd       0x10 ./src/led_toggle.o
 .debug_macro   0x00001b0d       0x22 ./src/led_toggle.o
 .debug_macro   0x00001b2f       0xb2 ./src/led_toggle.o
 .debug_macro   0x00001be1       0x58 ./src/led_toggle.o
 .debug_macro   0x00001c39       0x58 ./src/led_toggle.o
 .debug_macro   0x00001c91       0x6a ./src/led_toggle.o
 .debug_macro   0x00001cfb       0x82 ./src/led_toggle.o
 .debug_macro   0x00001d7d       0x16 ./src/led_toggle.o
 .debug_macro   0x00001d93      0x16f ./src/led_toggle.o
 .debug_macro   0x00001f02       0x22 ./src/led_toggle.o
 .debug_macro   0x00001f24       0x52 ./src/led_toggle.o
 .debug_macro   0x00001f76      0x181 ./src/led_toggle.o
 .debug_macro   0x000020f7      0x289 ./src/led_toggle.o
 .debug_macro   0x00002380      0x28b ./src/led_toggle.o
 .debug_macro   0x0000260b       0x2e ./src/led_toggle.o
 .debug_macro   0x00002639       0x22 ./src/led_toggle.o
 .debug_macro   0x0000265b      0x216 ./src/led_toggle.o
 .debug_macro   0x00002871      0x1d5 ./src/led_toggle.o
 .debug_macro   0x00002a46       0x16 ./src/led_toggle.o
 .debug_macro   0x00002a5c       0x9a ./src/led_toggle.o
 .debug_macro   0x00002af6       0x20 ./src/led_toggle.o
 .debug_macro   0x00002b16       0x82 ./src/led_toggle.o
 .debug_macro   0x00002b98       0x29 ./src/mtb.o
 .debug_macro   0x00002bc1       0x10 ./src/mtb.o
 .debug_macro   0x00002bd1      0x234 ./src/sysinit.o
 .debug_macro   0x00002e05      0x257 D:\Board\LPC824Lite\workspace\lpc_board_ucdrogon_lpc824lite\Debug\liblpc_board_ucdrogon_lpc824lite.a(board.o)
 .debug_macro   0x0000305c      0x83e D:\Board\LPC824Lite\workspace\lpc_board_ucdrogon_lpc824lite\Debug\liblpc_board_ucdrogon_lpc824lite.a(board.o)
 .debug_macro   0x0000389a       0x12 D:\Board\LPC824Lite\workspace\lpc_board_ucdrogon_lpc824lite\Debug\liblpc_board_ucdrogon_lpc824lite.a(board.o)
 .debug_macro   0x000038ac      0x234 D:\Board\LPC824Lite\workspace\lpc_board_ucdrogon_lpc824lite\Debug\liblpc_board_ucdrogon_lpc824lite.a(board_sysinit.o)
 .debug_macro   0x00003ae0      0x1ff D:\Board\LPC824Lite\workspace\lpc_chip_82x\Debug\liblpc_chip_82x.a(chip_8xx.o)
 .debug_macro   0x00003cdf      0x838 D:\Board\LPC824Lite\workspace\lpc_chip_82x\Debug\liblpc_chip_82x.a(chip_8xx.o)
 .debug_macro   0x00004517      0x1ff D:\Board\LPC824Lite\workspace\lpc_chip_82x\Debug\liblpc_chip_82x.a(clock_8xx.o)
 .debug_macro   0x00004716      0x1ff D:\Board\LPC824Lite\workspace\lpc_chip_82x\Debug\liblpc_chip_82x.a(gpio_8xx.o)
 .debug_macro   0x00004915      0x20b D:\Board\LPC824Lite\workspace\lpc_chip_82x\Debug\liblpc_chip_82x.a(swm_8xx.o)
 .debug_macro   0x00004b20      0x20b D:\Board\LPC824Lite\workspace\lpc_chip_82x\Debug\liblpc_chip_82x.a(sysinit_8xx.o)
 .debug_macro   0x00004d2b      0x1ff D:\Board\LPC824Lite\workspace\lpc_chip_82x\Debug\liblpc_chip_82x.a(uart_8xx.o)
 .debug_macro   0x00004f2a      0x1ff D:\Board\LPC824Lite\workspace\lpc_chip_82x\Debug\liblpc_chip_82x.a(irc_8xx.o)
 .debug_macro   0x00005129      0x217 D:\Board\LPC824Lite\workspace\lpc_chip_82x\Debug\liblpc_chip_82x.a(syscon_8xx.o)

.debug_str      0x00000000     0xe2e7
 .debug_str     0x00000000     0x2572 ./src/cr_startup_lpc82x.o
                               0x2585 (size before relaxing)
 .debug_str     0x00002572       0xe9 ./src/crp.o
                               0x2491 (size before relaxing)
 .debug_str     0x0000265b     0x952f ./src/led_toggle.o
                               0xb981 (size before relaxing)
 .debug_str     0x0000bb8a       0xd0 ./src/mtb.o
                               0x28c2 (size before relaxing)
 .debug_str     0x0000bc5a       0x11 ./src/sysinit.o
                               0xb53b (size before relaxing)
 .debug_str     0x0000bc6b      0xf6f D:\Board\LPC824Lite\workspace\lpc_board_ucdrogon_lpc824lite\Debug\liblpc_board_ucdrogon_lpc824lite.a(board.o)
                               0xc49c (size before relaxing)
 .debug_str     0x0000cbda       0x4e D:\Board\LPC824Lite\workspace\lpc_board_ucdrogon_lpc824lite\Debug\liblpc_board_ucdrogon_lpc824lite.a(board_sysinit.o)
                               0xb982 (size before relaxing)
 .debug_str     0x0000cc28      0x116 D:\Board\LPC824Lite\workspace\lpc_chip_82x\Debug\liblpc_chip_82x.a(chip_8xx.o)
                               0xb3d7 (size before relaxing)
 .debug_str     0x0000cd3e      0x7bd D:\Board\LPC824Lite\workspace\lpc_chip_82x\Debug\liblpc_chip_82x.a(clock_8xx.o)
                               0xbda3 (size before relaxing)
 .debug_str     0x0000d4fb       0x32 D:\Board\LPC824Lite\workspace\lpc_chip_82x\Debug\liblpc_chip_82x.a(gpio_8xx.o)
                               0xb67d (size before relaxing)
 .debug_str     0x0000d52d       0xed D:\Board\LPC824Lite\workspace\lpc_chip_82x\Debug\liblpc_chip_82x.a(swm_8xx.o)
                               0xb7b4 (size before relaxing)
 .debug_str     0x0000d61a      0x161 D:\Board\LPC824Lite\workspace\lpc_chip_82x\Debug\liblpc_chip_82x.a(sysinit_8xx.o)
                               0xb637 (size before relaxing)
 .debug_str     0x0000d77b      0x1f3 D:\Board\LPC824Lite\workspace\lpc_chip_82x\Debug\liblpc_chip_82x.a(uart_8xx.o)
                               0xb9a2 (size before relaxing)
 .debug_str     0x0000d96e      0x865 D:\Board\LPC824Lite\workspace\lpc_chip_82x\Debug\liblpc_chip_82x.a(irc_8xx.o)
                               0xc017 (size before relaxing)
 .debug_str     0x0000e1d3      0x114 D:\Board\LPC824Lite\workspace\lpc_chip_82x\Debug\liblpc_chip_82x.a(syscon_8xx.o)
                               0xb4f3 (size before relaxing)

.debug_frame    0x00000000      0xf40
 .debug_frame   0x00000000      0x118 ./src/cr_startup_lpc82x.o
 .debug_frame   0x00000118       0x2c ./src/led_toggle.o
 .debug_frame   0x00000144       0x2c ./src/sysinit.o
 .debug_frame   0x00000170      0x324 D:\Board\LPC824Lite\workspace\lpc_board_ucdrogon_lpc824lite\Debug\liblpc_board_ucdrogon_lpc824lite.a(board.o)
 .debug_frame   0x00000494       0x84 D:\Board\LPC824Lite\workspace\lpc_board_ucdrogon_lpc824lite\Debug\liblpc_board_ucdrogon_lpc824lite.a(board_sysinit.o)
 .debug_frame   0x00000518       0x2c D:\Board\LPC824Lite\workspace\lpc_chip_82x\Debug\liblpc_chip_82x.a(chip_8xx.o)
 .debug_frame   0x00000544      0x354 D:\Board\LPC824Lite\workspace\lpc_chip_82x\Debug\liblpc_chip_82x.a(clock_8xx.o)
 .debug_frame   0x00000898       0x90 D:\Board\LPC824Lite\workspace\lpc_chip_82x\Debug\liblpc_chip_82x.a(gpio_8xx.o)
 .debug_frame   0x00000928       0x90 D:\Board\LPC824Lite\workspace\lpc_chip_82x\Debug\liblpc_chip_82x.a(swm_8xx.o)
 .debug_frame   0x000009b8       0xe0 D:\Board\LPC824Lite\workspace\lpc_chip_82x\Debug\liblpc_chip_82x.a(sysinit_8xx.o)
 .debug_frame   0x00000a98      0x310 D:\Board\LPC824Lite\workspace\lpc_chip_82x\Debug\liblpc_chip_82x.a(uart_8xx.o)
 .debug_frame   0x00000da8      0x108 D:\Board\LPC824Lite\workspace\lpc_chip_82x\Debug\liblpc_chip_82x.a(irc_8xx.o)
 .debug_frame   0x00000eb0       0x90 D:\Board\LPC824Lite\workspace\lpc_chip_82x\Debug\liblpc_chip_82x.a(syscon_8xx.o)
