Archive member included to satisfy reference by file (symbol)

D:\Board\LPC824Lite\workspace\lpc_board_ucdrogon_lpc824lite\Debug\liblpc_board_ucdrogon_lpc824lite.a(board.o)
                              ./src/usart0_test.o (Board_LED_Set)
D:\Board\LPC824Lite\workspace\lpc_board_ucdrogon_lpc824lite\Debug\liblpc_board_ucdrogon_lpc824lite.a(board_sysinit.o)
                              ./src/sysinit.o (Board_SystemInit)
D:\Board\LPC824Lite\workspace\lpc_chip_82x\Debug\liblpc_chip_82x.a(chip_8xx.o)
                              ./src/usart0_test.o (SystemCoreClock)
D:\Board\LPC824Lite\workspace\lpc_chip_82x\Debug\liblpc_chip_82x.a(clock_8xx.o)
                              D:\Board\LPC824Lite\workspace\lpc_chip_82x\Debug\liblpc_chip_82x.a(chip_8xx.o) (Chip_Clock_GetSystemClockRate)
D:\Board\LPC824Lite\workspace\lpc_chip_82x\Debug\liblpc_chip_82x.a(gpio_8xx.o)
                              D:\Board\LPC824Lite\workspace\lpc_board_ucdrogon_lpc824lite\Debug\liblpc_board_ucdrogon_lpc824lite.a(board.o) (Chip_GPIO_Init)
D:\Board\LPC824Lite\workspace\lpc_chip_82x\Debug\liblpc_chip_82x.a(swm_8xx.o)
                              ./src/usart0_test.o (Chip_SWM_MovablePinAssign)
D:\Board\LPC824Lite\workspace\lpc_chip_82x\Debug\liblpc_chip_82x.a(sysinit_8xx.o)
                              D:\Board\LPC824Lite\workspace\lpc_board_ucdrogon_lpc824lite\Debug\liblpc_board_ucdrogon_lpc824lite.a(board_sysinit.o) (Chip_SetupIrcClocking)
D:\Board\LPC824Lite\workspace\lpc_chip_82x\Debug\liblpc_chip_82x.a(uart_8xx.o)
                              ./src/usart0_test.o (Chip_UART_Init)
D:\Board\LPC824Lite\workspace\lpc_chip_82x\Debug\liblpc_chip_82x.a(irc_8xx.o)
                              D:\Board\LPC824Lite\workspace\lpc_chip_82x\Debug\liblpc_chip_82x.a(sysinit_8xx.o) (Chip_IRC_SetFreq)
D:\Board\LPC824Lite\workspace\lpc_chip_82x\Debug\liblpc_chip_82x.a(ring_buffer.o)
                              D:\Board\LPC824Lite\workspace\lpc_chip_82x\Debug\liblpc_chip_82x.a(uart_8xx.o) (RingBuffer_Insert)
D:\Board\LPC824Lite\workspace\lpc_chip_82x\Debug\liblpc_chip_82x.a(syscon_8xx.o)
                              D:\Board\LPC824Lite\workspace\lpc_chip_82x\Debug\liblpc_chip_82x.a(sysinit_8xx.o) (Chip_SYSCTL_PowerDown)
c:/nxp/lpcxpresso_8.2.2_650/lpcxpresso/tools/bin/../lib/gcc/arm-none-eabi/5.4.1/../../../../arm-none-eabi/lib/armv6-m\libcr_c.a(memcpy.o)
                              D:\Board\LPC824Lite\workspace\lpc_chip_82x\Debug\liblpc_chip_82x.a(ring_buffer.o) (memcpy)
c:/nxp/lpcxpresso_8.2.2_650/lpcxpresso/tools/bin/../lib/gcc/arm-none-eabi/5.4.1/../../../../arm-none-eabi/lib/armv6-m\libcr_c.a(__weak__main.o)
                              ./src/cr_startup_lpc82x.o (__main)
c:/nxp/lpcxpresso_8.2.2_650/lpcxpresso/tools/bin/../lib/gcc/arm-none-eabi/5.4.1/armv6-m\libcr_eabihelpers.a(division_64.o)
                              D:\Board\LPC824Lite\workspace\lpc_chip_82x\Debug\liblpc_chip_82x.a(clock_8xx.o) (__aeabi_uldivmod)
c:/nxp/lpcxpresso_8.2.2_650/lpcxpresso/tools/bin/../lib/gcc/arm-none-eabi/5.4.1/armv6-m\libcr_eabihelpers.a(division_idiv0.o)
                              c:/nxp/lpcxpresso_8.2.2_650/lpcxpresso/tools/bin/../lib/gcc/arm-none-eabi/5.4.1/armv6-m\libcr_eabihelpers.a(division_64.o) (__aeabi_idiv0)
c:/nxp/lpcxpresso_8.2.2_650/lpcxpresso/tools/bin/../lib/gcc/arm-none-eabi/5.4.1/armv6-m\libcr_eabihelpers.a(memcpy.o)
                              c:/nxp/lpcxpresso_8.2.2_650/lpcxpresso/tools/bin/../lib/gcc/arm-none-eabi/5.4.1/../../../../arm-none-eabi/lib/armv6-m\libcr_c.a(memcpy.o) (__aeabi_memcpy)

Allocating common symbols
Common symbol       size              file

SystemCoreClock     0x4               D:\Board\LPC824Lite\workspace\lpc_chip_82x\Debug\liblpc_chip_82x.a(chip_8xx.o)

Discarded input sections

 .text          0x00000000        0x0 ./src/aeabi_romdiv_patch.o
 .data          0x00000000        0x0 ./src/aeabi_romdiv_patch.o
 .bss           0x00000000        0x0 ./src/aeabi_romdiv_patch.o
 .text.__aeabi_idiv
                0x00000000       0x10 ./src/aeabi_romdiv_patch.o
 .group         0x00000000        0x8 ./src/cr_startup_lpc82x.o
 .text          0x00000000        0x0 ./src/cr_startup_lpc82x.o
 .data          0x00000000        0x0 ./src/cr_startup_lpc82x.o
 .bss           0x00000000        0x0 ./src/cr_startup_lpc82x.o
 .group         0x00000000        0x8 ./src/crp.o
 .group         0x00000000        0x8 ./src/crp.o
 .text          0x00000000        0x0 ./src/crp.o
 .data          0x00000000        0x0 ./src/crp.o
 .bss           0x00000000        0x0 ./src/crp.o
 .debug_macro   0x00000000      0x84a ./src/crp.o
 .group         0x00000000        0x8 ./src/mtb.o
 .group         0x00000000        0x8 ./src/mtb.o
 .group         0x00000000        0x8 ./src/mtb.o
 .text          0x00000000        0x0 ./src/mtb.o
 .data          0x00000000        0x0 ./src/mtb.o
 .bss           0x00000000        0x0 ./src/mtb.o
 .debug_macro   0x00000000      0x84a ./src/mtb.o
 .group         0x00000000        0x8 ./src/sysinit.o
[...]
Memory Configuration

Name             Origin             Length             Attributes
MFlash32         0x00000000         0x00008000         xr
RamLoc8          0x10000000         0x00002000         xrw
*default*        0x00000000         0xffffffff

Linker script and memory map

LOAD ./src/aeabi_romdiv_patch.o
LOAD ./src/cr_startup_lpc82x.o
LOAD ./src/crp.o
LOAD ./src/mtb.o
LOAD ./src/sysinit.o
LOAD ./src/usart0_test.o
LOAD ./delay/delay.o
LOAD D:\Board\LPC824Lite\workspace\lpc_board_ucdrogon_lpc824lite\Debug\liblpc_board_ucdrogon_lpc824lite.a
LOAD D:\Board\LPC824Lite\workspace\lpc_chip_82x\Debug\liblpc_chip_82x.a
START GROUP
LOAD c:/nxp/lpcxpresso_8.2.2_650/lpcxpresso/tools/bin/../lib/gcc/arm-none-eabi/5.4.1/../../../../arm-none-eabi/lib/armv6-m\libcr_c.a
LOAD c:/nxp/lpcxpresso_8.2.2_650/lpcxpresso/tools/bin/../lib/gcc/arm-none-eabi/5.4.1/armv6-m\libcr_eabihelpers.a
END GROUP
                0x00000000                __base_MFlash32 = 0x0
                0x00000000                __base_Flash = 0x0
                0x00008000                __top_MFlash32 = 0x8000
                0x00008000                __top_Flash = 0x8000
                0x10000000                __base_RamLoc8 = 0x10000000
                0x10000000                __base_RAM = 0x10000000
                0x10002000                __top_RamLoc8 = 0x10002000
                0x10002000                __top_RAM = 0x10002000

.text           0x00000000     0x1848
 FILL mask 0xff
                0x00000000                __vectors_start__ = ABSOLUTE (.)
 *(.isr_vector)
 .isr_vector    0x00000000       0xc0 ./src/cr_startup_lpc82x.o
                0x00000000                g_pfnVectors
                0x000000c0                . = ALIGN (0x4)
                0x000000c0                __section_table_start = .
                0x000000c0                __data_section_table = .
                0x000000c0        0x4 LONG 0x1848 LOADADDR (.data)
                0x000000c4        0x4 LONG 0x10000100 ADDR (.data)
                0x000000c8        0x4 LONG 0x0 SIZEOF (.data)
                0x000000cc                __data_section_table_end = .
                0x000000cc                __bss_section_table = .
                0x000000cc        0x4 LONG 0x10000100 ADDR (.bss)
                0x000000d0        0x4 LONG 0x18 SIZEOF (.bss)
                0x000000d4                __bss_section_table_end = .
                0x000000d4                __section_table_end = .
 *(.after_vectors*)
 .after_vectors
                0x000000d4      0x150 ./src/cr_startup_lpc82x.o
                0x000000d4                data_init
                0x00000114                bss_init
                0x00000148                ResetISR
                0x000001f4                NMI_Handler
                0x000001fc                HardFault_Handler
                0x00000204                SVC_Handler
                0x0000020c                PendSV_Handler
                0x00000214                SysTick_Handler
                0x0000021c                UART1_IRQHandler
                0x0000021c                ADC_SEQB_IRQHandler
                0x0000021c                UART0_IRQHandler
                0x0000021c                I2C1_IRQHandler
                0x0000021c                MRT_IRQHandler
                0x0000021c                SPI1_IRQHandler
                0x0000021c                PIN_INT6_IRQHandler
                0x0000021c                IntDefaultHandler
                0x0000021c                PIN_INT4_IRQHandler
                0x0000021c                I2C0_IRQHandler
                0x0000021c                I2C2_IRQHandler
                0x0000021c                CMP_IRQHandler
                0x0000021c                UART2_IRQHandler
                0x0000021c                PIN_INT5_IRQHandler
                0x0000021c                PIN_INT2_IRQHandler
                0x0000021c                PIN_INT7_IRQHandler
                0x0000021c                ADC_THCMP_IRQHandler
                0x0000021c                PIN_INT1_IRQHandler
                0x0000021c                BOD_IRQHandler
                0x0000021c                I2C3_IRQHandler
                0x0000021c                SCT_IRQHandler
                0x0000021c                WDT_IRQHandler
                0x0000021c                WKT_IRQHandler
                0x0000021c                ADC_SEQA_IRQHandler
                0x0000021c                PIN_INT0_IRQHandler
                0x0000021c                SPI0_IRQHandler
                0x0000021c                ADC_OVR_IRQHandler
                0x0000021c                DMA_IRQHandler
                0x0000021c                PIN_INT3_IRQHandler
                0x0000021c                FLASH_IRQHandler
                0x000002fc                . = 0x2fc
 *fill*         0x00000224       0xd8 ff
                0x000002fc                PROVIDE (__CRP_WORD_START__, .)
 *(.crp)
 .crp           0x000002fc        0x4 ./src/crp.o
                0x000002fc                CRP_WORD
                0x00000300                PROVIDE (__CRP_WORD_END__, .)
                0x00000001                ASSERT (! ((__CRP_WORD_START__ == __CRP_WORD_END__)), Linker CRP Enabled, but no CRP_WORD provided within application)
 *(.text*)
 .text.__aeabi_uidiv
                0x00000300       0x10 ./src/aeabi_romdiv_patch.o
                0x00000300                __aeabi_uidivmod
                0x00000300                __aeabi_uidiv
 .text.SystemInit
                0x00000310       0x10 ./src/sysinit.o
                0x00000310                SystemInit
 .text.Chip_Clock_EnablePeriphClock
                0x00000320       0x3c ./src/usart0_test.o
 .text.Chip_Clock_DisablePeriphClock
                0x0000035c       0x3c ./src/usart0_test.o
 .text.Chip_Clock_SetUARTClockDiv
                0x00000398       0x1c ./src/usart0_test.o
 .text.Chip_SWM_DisableFixedPin
                0x000003b4       0x3c ./src/usart0_test.o
 .text.Chip_UART_Enable
                0x000003f0       0x24 ./src/usart0_test.o
 .text.Chip_UART_TXEnable
                0x00000414       0x20 ./src/usart0_test.o
 .text.Chip_UART_ConfigData
                0x00000434       0x2c ./src/usart0_test.o
 .text.Uart0_Init
                0x00000460       0x7c ./src/usart0_test.o
                0x00000460                Uart0_Init
 .text.main     0x000004dc       0x60 ./src/usart0_test.o
                0x000004dc                main
 .text.DelayInit
                0x0000053c       0x44 ./delay/delay.o
                0x0000053c                DelayInit
 .text.DelayMs  0x00000580       0x5c ./delay/delay.o
                0x00000580                DelayMs
 .text.Chip_Clock_EnablePeriphClock
                0x000005dc       0x3c D:\Board\LPC824Lite\workspace\lpc_board_ucdrogon_lpc824lite\Debug\liblpc_board_ucdrogon_lpc824lite.a(board.o)
 .text.Chip_Clock_DisablePeriphClock
                0x00000618       0x3c D:\Board\LPC824Lite\workspace\lpc_board_ucdrogon_lpc824lite\Debug\liblpc_board_ucdrogon_lpc824lite.a(board.o)
 .text.Chip_Clock_SetUARTClockDiv
                0x00000654       0x1c D:\Board\LPC824Lite\workspace\lpc_board_ucdrogon_lpc824lite\Debug\liblpc_board_ucdrogon_lpc824lite.a(board.o)
 .text.Chip_SWM_DisableFixedPin
                0x00000670       0x3c D:\Board\LPC824Lite\workspace\lpc_board_ucdrogon_lpc824lite\Debug\liblpc_board_ucdrogon_lpc824lite.a(board.o)
 .text.Chip_GPIO_SetPinState
                0x000006ac       0x40 D:\Board\LPC824Lite\workspace\lpc_board_ucdrogon_lpc824lite\Debug\liblpc_board_ucdrogon_lpc824lite.a(board.o)
 .text.Chip_GPIO_SetPinDIROutput
                0x000006ec       0x3c D:\Board\LPC824Lite\workspace\lpc_board_ucdrogon_lpc824lite\Debug\liblpc_board_ucdrogon_lpc824lite.a(board.o)
 .text.Chip_UART_Enable
                0x00000728       0x24 D:\Board\LPC824Lite\workspace\lpc_board_ucdrogon_lpc824lite\Debug\liblpc_board_ucdrogon_lpc824lite.a(board.o)
 .text.Chip_UART_TXEnable
                0x0000074c       0x20 D:\Board\LPC824Lite\workspace\lpc_board_ucdrogon_lpc824lite\Debug\liblpc_board_ucdrogon_lpc824lite.a(board.o)
 .text.Chip_UART_ConfigData
                0x0000076c       0x2c D:\Board\LPC824Lite\workspace\lpc_board_ucdrogon_lpc824lite\Debug\liblpc_board_ucdrogon_lpc824lite.a(board.o)
 .text.Board_LED_Init
                0x00000798       0x4c D:\Board\LPC824Lite\workspace\lpc_board_ucdrogon_lpc824lite\Debug\liblpc_board_ucdrogon_lpc824lite.a(board.o)
 .text.Board_UART_Init
                0x000007e4       0x38 D:\Board\LPC824Lite\workspace\lpc_board_ucdrogon_lpc824lite\Debug\liblpc_board_ucdrogon_lpc824lite.a(board.o)
 .text.Board_LED_Set
                0x0000081c       0x48 D:\Board\LPC824Lite\workspace\lpc_board_ucdrogon_lpc824lite\Debug\liblpc_board_ucdrogon_lpc824lite.a(board.o)
                0x0000081c                Board_LED_Set
 .text.Board_UARTPutTextChar
                0x00000864       0x60 D:\Board\LPC824Lite\workspace\lpc_board_ucdrogon_lpc824lite\Debug\liblpc_board_ucdrogon_lpc824lite.a(board.o)
                0x00000864                Board_UARTPutTextChar
 .text.Board_UARTPutSTR
                0x000008c4       0x28 D:\Board\LPC824Lite\workspace\lpc_board_ucdrogon_lpc824lite\Debug\liblpc_board_ucdrogon_lpc824lite.a(board.o)
                0x000008c4                Board_UARTPutSTR
 .text.Board_Debug_Init
                0x000008ec       0x50 D:\Board\LPC824Lite\workspace\lpc_board_ucdrogon_lpc824lite\Debug\liblpc_board_ucdrogon_lpc824lite.a(board.o)
                0x000008ec                Board_Debug_Init
 .text.Board_Init
                0x0000093c       0x1c D:\Board\LPC824Lite\workspace\lpc_board_ucdrogon_lpc824lite\Debug\liblpc_board_ucdrogon_lpc824lite.a(board.o)
                0x0000093c                Board_Init
 .text.Chip_Clock_EnablePeriphClock
                0x00000958       0x3c D:\Board\LPC824Lite\workspace\lpc_board_ucdrogon_lpc824lite\Debug\liblpc_board_ucdrogon_lpc824lite.a(board_sysinit.o)
 .text.Board_SetupMuxing
                0x00000994       0x10 D:\Board\LPC824Lite\workspace\lpc_board_ucdrogon_lpc824lite\Debug\liblpc_board_ucdrogon_lpc824lite.a(board_sysinit.o)
                0x00000994                Board_SetupMuxing
 .text.Board_SetupClocking
                0x000009a4       0x10 D:\Board\LPC824Lite\workspace\lpc_board_ucdrogon_lpc824lite\Debug\liblpc_board_ucdrogon_lpc824lite.a(board_sysinit.o)
                0x000009a4                Board_SetupClocking
 .text.Board_SystemInit
                0x000009b4       0x14 D:\Board\LPC824Lite\workspace\lpc_board_ucdrogon_lpc824lite\Debug\liblpc_board_ucdrogon_lpc824lite.a(board_sysinit.o)
                0x000009b4                Board_SystemInit
 .text.SystemCoreClockUpdate
                0x000009c8       0x18 D:\Board\LPC824Lite\workspace\lpc_chip_82x\Debug\liblpc_chip_82x.a(chip_8xx.o)
                0x000009c8                SystemCoreClockUpdate
 .text.Chip_SYSCTL_AssertPeriphReset
                0x000009e0       0x38 D:\Board\LPC824Lite\workspace\lpc_chip_82x\Debug\liblpc_chip_82x.a(clock_8xx.o)
 .text.Chip_SYSCTL_DeassertPeriphReset
                0x00000a18       0x38 D:\Board\LPC824Lite\workspace\lpc_chip_82x\Debug\liblpc_chip_82x.a(clock_8xx.o)
 .text.Chip_SYSCTL_PeriphReset
                0x00000a50       0x28 D:\Board\LPC824Lite\workspace\lpc_chip_82x\Debug\liblpc_chip_82x.a(clock_8xx.o)
 .text.Chip_Clock_SetUARTClockDiv
                0x00000a78       0x1c D:\Board\LPC824Lite\workspace\lpc_chip_82x\Debug\liblpc_chip_82x.a(clock_8xx.o)
 .text.Chip_Clock_GetUARTClockDiv
                0x00000a94       0x18 D:\Board\LPC824Lite\workspace\lpc_chip_82x\Debug\liblpc_chip_82x.a(clock_8xx.o)
 .text.Chip_SYSCTL_SetUSARTFRGDivider
                0x00000aac       0x24 D:\Board\LPC824Lite\workspace\lpc_chip_82x\Debug\liblpc_chip_82x.a(clock_8xx.o)
 .text.Chip_SYSCTL_GetUSARTFRGDivider
                0x00000ad0       0x18 D:\Board\LPC824Lite\workspace\lpc_chip_82x\Debug\liblpc_chip_82x.a(clock_8xx.o)
 .text.Chip_SYSCTL_SetUSARTFRGMultiplier
                0x00000ae8       0x24 D:\Board\LPC824Lite\workspace\lpc_chip_82x\Debug\liblpc_chip_82x.a(clock_8xx.o)
 .text.Chip_SYSCTL_GetUSARTFRGMultiplier
                0x00000b0c       0x18 D:\Board\LPC824Lite\workspace\lpc_chip_82x\Debug\liblpc_chip_82x.a(clock_8xx.o)
 .text.Chip_Clock_GetMainOscRate
                0x00000b24       0x14 D:\Board\LPC824Lite\workspace\lpc_chip_82x\Debug\liblpc_chip_82x.a(clock_8xx.o)
 .text.Chip_Clock_GetIntOscRate
                0x00000b38       0x10 D:\Board\LPC824Lite\workspace\lpc_chip_82x\Debug\liblpc_chip_82x.a(clock_8xx.o)
 .text.Chip_Clock_GetExtClockInRate
                0x00000b48       0x14 D:\Board\LPC824Lite\workspace\lpc_chip_82x\Debug\liblpc_chip_82x.a(clock_8xx.o)
 .text.Chip_Clock_GetWDTLFORate
                0x00000b5c       0x48 D:\Board\LPC824Lite\workspace\lpc_chip_82x\Debug\liblpc_chip_82x.a(clock_8xx.o)
 .text.Chip_Clock_GetPLLFreq
                0x00000ba4       0x24 D:\Board\LPC824Lite\workspace\lpc_chip_82x\Debug\liblpc_chip_82x.a(clock_8xx.o)
 .text.Chip_Clock_SetSystemPLLSource
                0x00000bc8       0x2c D:\Board\LPC824Lite\workspace\lpc_chip_82x\Debug\liblpc_chip_82x.a(clock_8xx.o)
                0x00000bc8                Chip_Clock_SetSystemPLLSource
 .text.Chip_Clock_SetMainClockSource
                0x00000bf4       0x2c D:\Board\LPC824Lite\workspace\lpc_chip_82x\Debug\liblpc_chip_82x.a(clock_8xx.o)
                0x00000bf4                Chip_Clock_SetMainClockSource
 .text.Chip_Clock_GetWDTOSCRate
                0x00000c20       0x20 D:\Board\LPC824Lite\workspace\lpc_chip_82x\Debug\liblpc_chip_82x.a(clock_8xx.o)
                0x00000c20                Chip_Clock_GetWDTOSCRate
 .text.Chip_Clock_GetSystemPLLInClockRate
                0x00000c40       0x4c D:\Board\LPC824Lite\workspace\lpc_chip_82x\Debug\liblpc_chip_82x.a(clock_8xx.o)
                0x00000c40                Chip_Clock_GetSystemPLLInClockRate
 .text.Chip_Clock_GetSystemPLLOutClockRate
                0x00000c8c       0x28 D:\Board\LPC824Lite\workspace\lpc_chip_82x\Debug\liblpc_chip_82x.a(clock_8xx.o)
                0x00000c8c                Chip_Clock_GetSystemPLLOutClockRate
 .text.Chip_Clock_GetMainClockRate
                0x00000cb4       0x60 D:\Board\LPC824Lite\workspace\lpc_chip_82x\Debug\liblpc_chip_82x.a(clock_8xx.o)
                0x00000cb4                Chip_Clock_GetMainClockRate
 .text.Chip_Clock_GetSystemClockRate
                0x00000d14       0x24 D:\Board\LPC824Lite\workspace\lpc_chip_82x\Debug\liblpc_chip_82x.a(clock_8xx.o)
                0x00000d14                Chip_Clock_GetSystemClockRate
 .text.Chip_Clock_GetUSARTNBaseClockRate
                0x00000d38       0x84 D:\Board\LPC824Lite\workspace\lpc_chip_82x\Debug\liblpc_chip_82x.a(clock_8xx.o)
                0x00000d38                Chip_Clock_GetUSARTNBaseClockRate
 .text.Chip_Clock_SetUSARTNBaseClockRate
                0x00000dbc       0x84 D:\Board\LPC824Lite\workspace\lpc_chip_82x\Debug\liblpc_chip_82x.a(clock_8xx.o)
                0x00000dbc                Chip_Clock_SetUSARTNBaseClockRate
 .text.Chip_Clock_EnablePeriphClock
                0x00000e40       0x3c D:\Board\LPC824Lite\workspace\lpc_chip_82x\Debug\liblpc_chip_82x.a(gpio_8xx.o)
 .text.Chip_GPIO_Init
                0x00000e7c       0x18 D:\Board\LPC824Lite\workspace\lpc_chip_82x\Debug\liblpc_chip_82x.a(gpio_8xx.o)
                0x00000e7c                Chip_GPIO_Init
 .text.Chip_SWM_MovablePinAssign
                0x00000e94       0x64 D:\Board\LPC824Lite\workspace\lpc_chip_82x\Debug\liblpc_chip_82x.a(swm_8xx.o)
                0x00000e94                Chip_SWM_MovablePinAssign
 .text.Chip_SetupIrcClocking
                0x00000ef8       0x20 D:\Board\LPC824Lite\workspace\lpc_chip_82x\Debug\liblpc_chip_82x.a(sysinit_8xx.o)
                0x00000ef8                Chip_SetupIrcClocking
 .text.Chip_SYSCTL_AssertPeriphReset
                0x00000f18       0x38 D:\Board\LPC824Lite\workspace\lpc_chip_82x\Debug\liblpc_chip_82x.a(uart_8xx.o)
 .text.Chip_SYSCTL_DeassertPeriphReset
                0x00000f50       0x38 D:\Board\LPC824Lite\workspace\lpc_chip_82x\Debug\liblpc_chip_82x.a(uart_8xx.o)
 .text.Chip_SYSCTL_PeriphReset
                0x00000f88       0x28 D:\Board\LPC824Lite\workspace\lpc_chip_82x\Debug\liblpc_chip_82x.a(uart_8xx.o)
 .text.Chip_Clock_EnablePeriphClock
                0x00000fb0       0x3c D:\Board\LPC824Lite\workspace\lpc_chip_82x\Debug\liblpc_chip_82x.a(uart_8xx.o)
 .text.Chip_UART_SendByte
                0x00000fec       0x20 D:\Board\LPC824Lite\workspace\lpc_chip_82x\Debug\liblpc_chip_82x.a(uart_8xx.o)
 .text.Chip_UART_GetStatus
                0x0000100c       0x1c D:\Board\LPC824Lite\workspace\lpc_chip_82x\Debug\liblpc_chip_82x.a(uart_8xx.o)
 .text.getUARTClockID
                0x00001028       0x34 D:\Board\LPC824Lite\workspace\lpc_chip_82x\Debug\liblpc_chip_82x.a(uart_8xx.o)
 .text.Chip_UART_Init
                0x0000105c       0x50 D:\Board\LPC824Lite\workspace\lpc_chip_82x\Debug\liblpc_chip_82x.a(uart_8xx.o)
                0x0000105c                Chip_UART_Init
 .text.Chip_UART_Send
                0x000010ac       0x54 D:\Board\LPC824Lite\workspace\lpc_chip_82x\Debug\liblpc_chip_82x.a(uart_8xx.o)
                0x000010ac                Chip_UART_Send
 .text.Chip_UART_SendBlocking
                0x00001100       0x50 D:\Board\LPC824Lite\workspace\lpc_chip_82x\Debug\liblpc_chip_82x.a(uart_8xx.o)
                0x00001100                Chip_UART_SendBlocking
 .text.Chip_UART_SetBaud
                0x00001150       0x30 D:\Board\LPC824Lite\workspace\lpc_chip_82x\Debug\liblpc_chip_82x.a(uart_8xx.o)
                0x00001150                Chip_UART_SetBaud
 .text.Chip_Clock_SetupSystemPLL
                0x00001180       0x38 D:\Board\LPC824Lite\workspace\lpc_chip_82x\Debug\liblpc_chip_82x.a(irc_8xx.o)
 .text.Chip_Clock_IsSystemPLLLocked
                0x000011b8       0x1c D:\Board\LPC824Lite\workspace\lpc_chip_82x\Debug\liblpc_chip_82x.a(irc_8xx.o)
 .text.Chip_Clock_SetSysClockDiv
                0x000011d4       0x1c D:\Board\LPC824Lite\workspace\lpc_chip_82x\Debug\liblpc_chip_82x.a(irc_8xx.o)
 .text.Chip_FMC_SetFLASHAccess
                0x000011f0       0x2c D:\Board\LPC824Lite\workspace\lpc_chip_82x\Debug\liblpc_chip_82x.a(irc_8xx.o)
 .text.pll_config
                0x0000121c       0x6c D:\Board\LPC824Lite\workspace\lpc_chip_82x\Debug\liblpc_chip_82x.a(irc_8xx.o)
 .text.Chip_IRC_SetFreq
                0x00001288       0xf4 D:\Board\LPC824Lite\workspace\lpc_chip_82x\Debug\liblpc_chip_82x.a(irc_8xx.o)
                0x00001288                Chip_IRC_SetFreq
 .text.Chip_SYSCTL_PowerDown
                0x0000137c       0x44 D:\Board\LPC824Lite\workspace\lpc_chip_82x\Debug\liblpc_chip_82x.a(syscon_8xx.o)
                0x0000137c                Chip_SYSCTL_PowerDown
 .text.Chip_SYSCTL_PowerUp
                0x000013c0       0x44 D:\Board\LPC824Lite\workspace\lpc_chip_82x\Debug\liblpc_chip_82x.a(syscon_8xx.o)
                0x000013c0                Chip_SYSCTL_PowerUp
 .text.__weak_main
                0x00001404        0x8 c:/nxp/lpcxpresso_8.2.2_650/lpcxpresso/tools/bin/../lib/gcc/arm-none-eabi/5.4.1/../../../../arm-none-eabi/lib/armv6-m\libcr_c.a(__weak__main.o)
                0x00001404                __weak_main
                0x00001404                __main
 .text.__aeabi_division_uldivmod
                0x0000140c       0x5a c:/nxp/lpcxpresso_8.2.2_650/lpcxpresso/tools/bin/../lib/gcc/arm-none-eabi/5.4.1/armv6-m\libcr_eabihelpers.a(division_64.o)
                0x0000140c                __aeabi_uldivmod
 .text.__aeabi_division_idiv0
                0x00001466        0x2 c:/nxp/lpcxpresso_8.2.2_650/lpcxpresso/tools/bin/../lib/gcc/arm-none-eabi/5.4.1/armv6-m\libcr_eabihelpers.a(division_idiv0.o)
                0x00001466                __aeabi_idiv0
 *(.rodata .rodata.* .constdata .constdata.*)
 .rodata.txBuffer
                0x00001468       0x29 ./src/usart0_test.o
                0x00001468                txBuffer
 *fill*         0x00001491        0x3 ff
 .rodata        0x00001494       0x10 ./src/usart0_test.o
 .rodata.ledBits
                0x000014a4        0x8 D:\Board\LPC824Lite\workspace\lpc_board_ucdrogon_lpc824lite\Debug\liblpc_board_ucdrogon_lpc824lite.a(board.o)
 .rodata.OscRateIn
                0x000014ac        0x4 D:\Board\LPC824Lite\workspace\lpc_board_ucdrogon_lpc824lite\Debug\liblpc_board_ucdrogon_lpc824lite.a(board.o)
                0x000014ac                OscRateIn
 .rodata.ExtRateIn
                0x000014b0        0x4 D:\Board\LPC824Lite\workspace\lpc_board_ucdrogon_lpc824lite\Debug\liblpc_board_ucdrogon_lpc824lite.a(board.o)
                0x000014b0                ExtRateIn
 .rodata.wdtOSCRate
                0x000014b4       0x40 D:\Board\LPC824Lite\workspace\lpc_chip_82x\Debug\liblpc_chip_82x.a(clock_8xx.o)
 .rodata.config_tab
                0x000014f4      0x354 D:\Board\LPC824Lite\workspace\lpc_chip_82x\Debug\liblpc_chip_82x.a(irc_8xx.o)
                0x00001848                . = ALIGN (0x4)

.glue_7         0x00001848        0x0
 .glue_7        0x00001848        0x0 linker stubs

.glue_7t        0x00001848        0x0
 .glue_7t       0x00001848        0x0 linker stubs

.vfp11_veneer   0x00001848        0x0
 .vfp11_veneer  0x00001848        0x0 linker stubs

.v4_bx          0x00001848        0x0
 .v4_bx         0x00001848        0x0 linker stubs

.iplt           0x00001848        0x0
 .iplt          0x00001848        0x0 ./src/aeabi_romdiv_patch.o

.rel.dyn        0x00001848        0x0
 .rel.iplt      0x00001848        0x0 ./src/aeabi_romdiv_patch.o

.ARM.extab
 *(.ARM.extab* .gnu.linkonce.armextab.*)
                0x00001848                __exidx_start = .

.ARM.exidx
 *(.ARM.exidx* .gnu.linkonce.armexidx.*)
                0x00001848                __exidx_end = .
                0x00001848                _etext = .

.mtb_buffer_default
                0x10000000      0x100
 *(.mtb*)
 .mtb.$RAM1     0x10000000      0x100 ./src/mtb.o
                0x10000000                __mtb_buffer__

.uninit_RESERVED
                0x10000100        0x0
 *(.bss.$RESERVED*)
                0x10000100                . = ALIGN (0x4)
                0x10000100                _end_uninit_RESERVED = .

.data           0x10000100        0x0 load address 0x00001848
 FILL mask 0xff
                0x10000100                _data = .
 *(vtable)
 *(.ramfunc*)
 *(.data*)
                0x10000100                . = ALIGN (0x4)
                0x10000100                _edata = .

.igot.plt       0x10000100        0x0 load address 0x00001848
 .igot.plt      0x10000100        0x0 ./src/aeabi_romdiv_patch.o

.bss            0x10000100       0x18 load address 0x00001848
                0x10000100                _bss = .
 *(.bss*)
 .bss.pDivRom_idiv
                0x10000100        0x4 ./src/cr_startup_lpc82x.o
                0x10000100                pDivRom_idiv
 .bss.pDivRom_uidiv
                0x10000104        0x4 ./src/cr_startup_lpc82x.o
                0x10000104                pDivRom_uidiv
 .bss.i.7115    0x10000108        0x4 ./src/usart0_test.o
 .bss.facUs     0x1000010c        0x1 ./delay/delay.o
 *fill*         0x1000010d        0x1 
 .bss.facMs     0x1000010e        0x2 ./delay/delay.o
 .bss.prevChar.7241
                0x10000110        0x1 D:\Board\LPC824Lite\workspace\lpc_board_ucdrogon_lpc824lite\Debug\liblpc_board_ucdrogon_lpc824lite.a(board.o)
 *fill*         0x10000111        0x1 
 .bss.config_tab_idx
                0x10000112        0x2 D:\Board\LPC824Lite\workspace\lpc_chip_82x\Debug\liblpc_chip_82x.a(irc_8xx.o)
 *(COMMON)
 COMMON         0x10000114        0x4 D:\Board\LPC824Lite\workspace\lpc_chip_82x\Debug\liblpc_chip_82x.a(chip_8xx.o)
                0x10000114                SystemCoreClock
                0x10000118                . = ALIGN (0x4)
                0x10000118                _ebss = .
                [!provide]                PROVIDE (end, .)

.noinit         0x10000118        0x0 load address 0x00001848
                0x10000118                _noinit = .
 *(.noinit*)
                0x10000118                . = ALIGN (0x4)
                0x10000118                _end_noinit = .
                [!provide]                PROVIDE (_pvHeapStart, DEFINED (__user_heap_base)?__user_heap_base:.)
                0x10002000                PROVIDE (_vStackTop, DEFINED (__user_stack_top)?__user_stack_top:(__top_RamLoc8 - 0x0))
                0xefffdac5                PROVIDE (__valid_user_code_checksum, (0x0 - (((_vStackTop + (ResetISR + 0x1)) + (DEFINED (NMI_Handler)?NMI_Handler:M0_NMI_Handler + 0x1)) + (DEFINED (HardFault_Handler)?HardFault_Handler:M0_HardFault_Handler + 0x1))))
OUTPUT(usart0_test.axf elf32-littlearm)

.ARM.attributes
                0x00000000       0x2d
 .ARM.attributes
                0x00000000       0x21 ./src/aeabi_romdiv_patch.o
 .ARM.attributes
                0x00000021       0x31 ./src/cr_startup_lpc82x.o
 .ARM.attributes
                0x00000052       0x31 ./src/crp.o
 .ARM.attributes
                0x00000083       0x31 ./src/mtb.o
 .ARM.attributes
                0x000000b4       0x31 ./src/sysinit.o
 .ARM.attributes
                0x000000e5       0x31 ./src/usart0_test.o
 .ARM.attributes
                0x00000116       0x31 ./delay/delay.o
 .ARM.attributes
                0x00000147       0x31 D:\Board\LPC824Lite\workspace\lpc_board_ucdrogon_lpc824lite\Debug\liblpc_board_ucdrogon_lpc824lite.a(board.o)
 .ARM.attributes
                0x00000178       0x31 D:\Board\LPC824Lite\workspace\lpc_board_ucdrogon_lpc824lite\Debug\liblpc_board_ucdrogon_lpc824lite.a(board_sysinit.o)
 .ARM.attributes
                0x000001a9       0x31 D:\Board\LPC824Lite\workspace\lpc_chip_82x\Debug\liblpc_chip_82x.a(chip_8xx.o)
 .ARM.attributes
                0x000001da       0x31 D:\Board\LPC824Lite\workspace\lpc_chip_82x\Debug\liblpc_chip_82x.a(clock_8xx.o)
 .ARM.attributes
                0x0000020b       0x31 D:\Board\LPC824Lite\workspace\lpc_chip_82x\Debug\liblpc_chip_82x.a(gpio_8xx.o)
 .ARM.attributes
                0x0000023c       0x31 D:\Board\LPC824Lite\workspace\lpc_chip_82x\Debug\liblpc_chip_82x.a(swm_8xx.o)
 .ARM.attributes
                0x0000026d       0x31 D:\Board\LPC824Lite\workspace\lpc_chip_82x\Debug\liblpc_chip_82x.a(sysinit_8xx.o)
 .ARM.attributes
                0x0000029e       0x31 D:\Board\LPC824Lite\workspace\lpc_chip_82x\Debug\liblpc_chip_82x.a(uart_8xx.o)
 .ARM.attributes
                0x000002cf       0x31 D:\Board\LPC824Lite\workspace\lpc_chip_82x\Debug\liblpc_chip_82x.a(irc_8xx.o)
 .ARM.attributes
                0x00000300       0x31 D:\Board\LPC824Lite\workspace\lpc_chip_82x\Debug\liblpc_chip_82x.a(syscon_8xx.o)
 .ARM.attributes
                0x00000331       0x31 c:/nxp/lpcxpresso_8.2.2_650/lpcxpresso/tools/bin/../lib/gcc/arm-none-eabi/5.4.1/../../../../arm-none-eabi/lib/armv6-m\libcr_c.a(__weak__main.o)
 .ARM.attributes
                0x00000362       0x21 c:/nxp/lpcxpresso_8.2.2_650/lpcxpresso/tools/bin/../lib/gcc/arm-none-eabi/5.4.1/armv6-m\libcr_eabihelpers.a(division_64.o)
 .ARM.attributes
                0x00000383       0x21 c:/nxp/lpcxpresso_8.2.2_650/lpcxpresso/tools/bin/../lib/gcc/arm-none-eabi/5.4.1/armv6-m\libcr_eabihelpers.a(division_idiv0.o)

.comment        0x00000000       0xdc
 .comment       0x00000000       0x6e ./src/cr_startup_lpc82x.o
                                 0x6f (size before relaxing)
 .comment       0x0000006e       0x6f ./src/crp.o
 .comment       0x0000006e       0x6f ./src/mtb.o
 .comment       0x0000006e       0x6f ./src/sysinit.o
 .comment       0x0000006e       0x6f ./src/usart0_test.o
 .comment       0x0000006e       0x6f ./delay/delay.o
 .comment       0x0000006e       0x6f D:\Board\LPC824Lite\workspace\lpc_board_ucdrogon_lpc824lite\Debug\liblpc_board_ucdrogon_lpc824lite.a(board.o)
 .comment       0x0000006e       0x6f D:\Board\LPC824Lite\workspace\lpc_board_ucdrogon_lpc824lite\Debug\liblpc_board_ucdrogon_lpc824lite.a(board_sysinit.o)
 .comment       0x0000006e       0x6f D:\Board\LPC824Lite\workspace\lpc_chip_82x\Debug\liblpc_chip_82x.a(chip_8xx.o)
 .comment       0x0000006e       0x6f D:\Board\LPC824Lite\workspace\lpc_chip_82x\Debug\liblpc_chip_82x.a(clock_8xx.o)
 .comment       0x0000006e       0x6f D:\Board\LPC824Lite\workspace\lpc_chip_82x\Debug\liblpc_chip_82x.a(gpio_8xx.o)
 .comment       0x0000006e       0x6f D:\Board\LPC824Lite\workspace\lpc_chip_82x\Debug\liblpc_chip_82x.a(swm_8xx.o)
 .comment       0x0000006e       0x6f D:\Board\LPC824Lite\workspace\lpc_chip_82x\Debug\liblpc_chip_82x.a(sysinit_8xx.o)
 .comment       0x0000006e       0x6f D:\Board\LPC824Lite\workspace\lpc_chip_82x\Debug\liblpc_chip_82x.a(uart_8xx.o)
 .comment       0x0000006e       0x6f D:\Board\LPC824Lite\workspace\lpc_chip_82x\Debug\liblpc_chip_82x.a(irc_8xx.o)
 .comment       0x0000006e       0x6f D:\Board\LPC824Lite\workspace\lpc_chip_82x\Debug\liblpc_chip_82x.a(syscon_8xx.o)
 .comment       0x0000006e       0x6e c:/nxp/lpcxpresso_8.2.2_650/lpcxpresso/tools/bin/../lib/gcc/arm-none-eabi/5.4.1/../../../../arm-none-eabi/lib/armv6-m\libcr_c.a(__weak__main.o)
                                 0x6f (size before relaxing)

.debug_line     0x00000000     0x3df0
 .debug_line    0x00000000       0x65 ./src/aeabi_romdiv_patch.o
 .debug_line    0x00000065       0xbe ./src/cr_startup_lpc82x.o
 .debug_line    0x00000123       0x78 ./src/crp.o
 .debug_line    0x0000019b       0x95 ./src/mtb.o
 .debug_line    0x00000230      0x3fc ./src/sysinit.o
 .debug_line    0x0000062c      0x555 ./src/usart0_test.o
 .debug_line    0x00000b81      0x484 ./delay/delay.o
 .debug_line    0x00001005      0x674 D:\Board\LPC824Lite\workspace\lpc_board_ucdrogon_lpc824lite\Debug\liblpc_board_ucdrogon_lpc824lite.a(board.o)
 .debug_line    0x00001679      0x43e D:\Board\LPC824Lite\workspace\lpc_board_ucdrogon_lpc824lite\Debug\liblpc_board_ucdrogon_lpc824lite.a(board_sysinit.o)
 .debug_line    0x00001ab7      0x398 D:\Board\LPC824Lite\workspace\lpc_chip_82x\Debug\liblpc_chip_82x.a(chip_8xx.o)
 .debug_line    0x00001e4f      0x5e7 D:\Board\LPC824Lite\workspace\lpc_chip_82x\Debug\liblpc_chip_82x.a(clock_8xx.o)
 .debug_line    0x00002436      0x3d1 D:\Board\LPC824Lite\workspace\lpc_chip_82x\Debug\liblpc_chip_82x.a(gpio_8xx.o)
 .debug_line    0x00002807      0x3d8 D:\Board\LPC824Lite\workspace\lpc_chip_82x\Debug\liblpc_chip_82x.a(swm_8xx.o)
 .debug_line    0x00002bdf      0x420 D:\Board\LPC824Lite\workspace\lpc_chip_82x\Debug\liblpc_chip_82x.a(sysinit_8xx.o)
 .debug_line    0x00002fff      0x5bc D:\Board\LPC824Lite\workspace\lpc_chip_82x\Debug\liblpc_chip_82x.a(uart_8xx.o)
 .debug_line    0x000035bb      0x460 D:\Board\LPC824Lite\workspace\lpc_chip_82x\Debug\liblpc_chip_82x.a(irc_8xx.o)
 .debug_line    0x00003a1b      0x3d5 D:\Board\LPC824Lite\workspace\lpc_chip_82x\Debug\liblpc_chip_82x.a(syscon_8xx.o)

.debug_info     0x00000000     0x62e1
 .debug_info    0x00000000       0x70 ./src/aeabi_romdiv_patch.o
 .debug_info    0x00000070      0x239 ./src/cr_startup_lpc82x.o
 .debug_info    0x000002a9       0x3f ./src/crp.o
 .debug_info    0x000002e8       0x51 ./src/mtb.o
 .debug_info    0x00000339       0xc3 ./src/sysinit.o
 .debug_info    0x000003fc      0xa34 ./src/usart0_test.o
 .debug_info    0x00000e30      0x2c4 ./delay/delay.o
 .debug_info    0x000010f4      0xfc8 D:\Board\LPC824Lite\workspace\lpc_board_ucdrogon_lpc824lite\Debug\liblpc_board_ucdrogon_lpc824lite.a(board.o)
 .debug_info    0x000020bc      0x4f9 D:\Board\LPC824Lite\workspace\lpc_board_ucdrogon_lpc824lite\Debug\liblpc_board_ucdrogon_lpc824lite.a(board_sysinit.o)
 .debug_info    0x000025b5      0x1cb D:\Board\LPC824Lite\workspace\lpc_chip_82x\Debug\liblpc_chip_82x.a(chip_8xx.o)
 .debug_info    0x00002780      0xb7f D:\Board\LPC824Lite\workspace\lpc_chip_82x\Debug\liblpc_chip_82x.a(clock_8xx.o)
 .debug_info    0x000032ff      0x665 D:\Board\LPC824Lite\workspace\lpc_chip_82x\Debug\liblpc_chip_82x.a(gpio_8xx.o)
 .debug_info    0x00003964      0x3f1 D:\Board\LPC824Lite\workspace\lpc_chip_82x\Debug\liblpc_chip_82x.a(swm_8xx.o)
 .debug_info    0x00003d55      0x5ea D:\Board\LPC824Lite\workspace\lpc_chip_82x\Debug\liblpc_chip_82x.a(sysinit_8xx.o)
 .debug_info    0x0000433f      0xbc6 D:\Board\LPC824Lite\workspace\lpc_chip_82x\Debug\liblpc_chip_82x.a(uart_8xx.o)
 .debug_info    0x00004f05      0xf4d D:\Board\LPC824Lite\workspace\lpc_chip_82x\Debug\liblpc_chip_82x.a(irc_8xx.o)
 .debug_info    0x00005e52      0x48f D:\Board\LPC824Lite\workspace\lpc_chip_82x\Debug\liblpc_chip_82x.a(syscon_8xx.o)

.debug_abbrev   0x00000000     0x1314
 .debug_abbrev  0x00000000       0x12 ./src/aeabi_romdiv_patch.o
 .debug_abbrev  0x00000012       0xf5 ./src/cr_startup_lpc82x.o
 .debug_abbrev  0x00000107       0x36 ./src/crp.o
 .debug_abbrev  0x0000013d       0x41 ./src/mtb.o
 .debug_abbrev  0x0000017e       0x6a ./src/sysinit.o
 .debug_abbrev  0x000001e8      0x1b3 ./src/usart0_test.o
 .debug_abbrev  0x0000039b      0x10a ./delay/delay.o
 .debug_abbrev  0x000004a5      0x222 D:\Board\LPC824Lite\workspace\lpc_board_ucdrogon_lpc824lite\Debug\liblpc_board_ucdrogon_lpc824lite.a(board.o)
 .debug_abbrev  0x000006c7       0xef D:\Board\LPC824Lite\workspace\lpc_board_ucdrogon_lpc824lite\Debug\liblpc_board_ucdrogon_lpc824lite.a(board_sysinit.o)
 .debug_abbrev  0x000007b6       0x93 D:\Board\LPC824Lite\workspace\lpc_chip_82x\Debug\liblpc_chip_82x.a(chip_8xx.o)
 .debug_abbrev  0x00000849      0x272 D:\Board\LPC824Lite\workspace\lpc_chip_82x\Debug\liblpc_chip_82x.a(clock_8xx.o)
 .debug_abbrev  0x00000abb      0x127 D:\Board\LPC824Lite\workspace\lpc_chip_82x\Debug\liblpc_chip_82x.a(gpio_8xx.o)
 .debug_abbrev  0x00000be2      0x138 D:\Board\LPC824Lite\workspace\lpc_chip_82x\Debug\liblpc_chip_82x.a(swm_8xx.o)
 .debug_abbrev  0x00000d1a      0x141 D:\Board\LPC824Lite\workspace\lpc_chip_82x\Debug\liblpc_chip_82x.a(sysinit_8xx.o)
 .debug_abbrev  0x00000e5b      0x1f6 D:\Board\LPC824Lite\workspace\lpc_chip_82x\Debug\liblpc_chip_82x.a(uart_8xx.o)
 .debug_abbrev  0x00001051      0x1f5 D:\Board\LPC824Lite\workspace\lpc_chip_82x\Debug\liblpc_chip_82x.a(irc_8xx.o)
 .debug_abbrev  0x00001246       0xce D:\Board\LPC824Lite\workspace\lpc_chip_82x\Debug\liblpc_chip_82x.a(syscon_8xx.o)

.debug_aranges  0x00000000      0x5b8
 .debug_aranges
                0x00000000       0x28 ./src/aeabi_romdiv_patch.o
 .debug_aranges
                0x00000028       0x60 ./src/cr_startup_lpc82x.o
 .debug_aranges
                0x00000088       0x18 ./src/crp.o
 .debug_aranges
                0x000000a0       0x18 ./src/mtb.o
 .debug_aranges
                0x000000b8       0x20 ./src/sysinit.o
 .debug_aranges
                0x000000d8       0x60 ./src/usart0_test.o
 .debug_aranges
                0x00000138       0x30 ./delay/delay.o
 .debug_aranges
                0x00000168       0xe0 D:\Board\LPC824Lite\workspace\lpc_board_ucdrogon_lpc824lite\Debug\liblpc_board_ucdrogon_lpc824lite.a(board.o)
 .debug_aranges
                0x00000248       0x38 D:\Board\LPC824Lite\workspace\lpc_board_ucdrogon_lpc824lite\Debug\liblpc_board_ucdrogon_lpc824lite.a(board_sysinit.o)
 .debug_aranges
                0x00000280       0x20 D:\Board\LPC824Lite\workspace\lpc_chip_82x\Debug\liblpc_chip_82x.a(chip_8xx.o)
 .debug_aranges
                0x000002a0       0xf0 D:\Board\LPC824Lite\workspace\lpc_chip_82x\Debug\liblpc_chip_82x.a(clock_8xx.o)
 .debug_aranges
                0x00000390       0x38 D:\Board\LPC824Lite\workspace\lpc_chip_82x\Debug\liblpc_chip_82x.a(gpio_8xx.o)
 .debug_aranges
                0x000003c8       0x38 D:\Board\LPC824Lite\workspace\lpc_chip_82x\Debug\liblpc_chip_82x.a(swm_8xx.o)
 .debug_aranges
                0x00000400       0x50 D:\Board\LPC824Lite\workspace\lpc_chip_82x\Debug\liblpc_chip_82x.a(sysinit_8xx.o)
 .debug_aranges
                0x00000450       0xd8 D:\Board\LPC824Lite\workspace\lpc_chip_82x\Debug\liblpc_chip_82x.a(uart_8xx.o)
 .debug_aranges
                0x00000528       0x58 D:\Board\LPC824Lite\workspace\lpc_chip_82x\Debug\liblpc_chip_82x.a(irc_8xx.o)
 .debug_aranges
                0x00000580       0x38 D:\Board\LPC824Lite\workspace\lpc_chip_82x\Debug\liblpc_chip_82x.a(syscon_8xx.o)

.debug_ranges   0x00000000      0x4a0
 .debug_ranges  0x00000000       0x20 ./src/aeabi_romdiv_patch.o
 .debug_ranges  0x00000020       0x50 ./src/cr_startup_lpc82x.o
 .debug_ranges  0x00000070       0x10 ./src/sysinit.o
 .debug_ranges  0x00000080       0x50 ./src/usart0_test.o
 .debug_ranges  0x000000d0       0x20 ./delay/delay.o
 .debug_ranges  0x000000f0       0xd0 D:\Board\LPC824Lite\workspace\lpc_board_ucdrogon_lpc824lite\Debug\liblpc_board_ucdrogon_lpc824lite.a(board.o)
 .debug_ranges  0x000001c0       0x28 D:\Board\LPC824Lite\workspace\lpc_board_ucdrogon_lpc824lite\Debug\liblpc_board_ucdrogon_lpc824lite.a(board_sysinit.o)
 .debug_ranges  0x000001e8       0x10 D:\Board\LPC824Lite\workspace\lpc_chip_82x\Debug\liblpc_chip_82x.a(chip_8xx.o)
 .debug_ranges  0x000001f8       0xe0 D:\Board\LPC824Lite\workspace\lpc_chip_82x\Debug\liblpc_chip_82x.a(clock_8xx.o)
 .debug_ranges  0x000002d8       0x28 D:\Board\LPC824Lite\workspace\lpc_chip_82x\Debug\liblpc_chip_82x.a(gpio_8xx.o)
 .debug_ranges  0x00000300       0x28 D:\Board\LPC824Lite\workspace\lpc_chip_82x\Debug\liblpc_chip_82x.a(swm_8xx.o)
 .debug_ranges  0x00000328       0x40 D:\Board\LPC824Lite\workspace\lpc_chip_82x\Debug\liblpc_chip_82x.a(sysinit_8xx.o)
 .debug_ranges  0x00000368       0xc8 D:\Board\LPC824Lite\workspace\lpc_chip_82x\Debug\liblpc_chip_82x.a(uart_8xx.o)
 .debug_ranges  0x00000430       0x48 D:\Board\LPC824Lite\workspace\lpc_chip_82x\Debug\liblpc_chip_82x.a(irc_8xx.o)
 .debug_ranges  0x00000478       0x28 D:\Board\LPC824Lite\workspace\lpc_chip_82x\Debug\liblpc_chip_82x.a(syscon_8xx.o)

.debug_macro    0x00000000     0x5588
 .debug_macro   0x00000000       0x23 ./src/cr_startup_lpc82x.o
 .debug_macro   0x00000023      0x84a ./src/cr_startup_lpc82x.o
 .debug_macro   0x0000086d       0x1a ./src/crp.o
 .debug_macro   0x00000887       0x34 ./src/crp.o
 .debug_macro   0x000008bb       0x29 ./src/mtb.o
 .debug_macro   0x000008e4       0x82 ./src/mtb.o
 .debug_macro   0x00000966       0x10 ./src/mtb.o
 .debug_macro   0x00000976      0x234 ./src/sysinit.o
 .debug_macro   0x00000baa       0x10 ./src/sysinit.o
 .debug_macro   0x00000bba      0x12d ./src/sysinit.o
 .debug_macro   0x00000ce7      0x5b2 ./src/sysinit.o
 .debug_macro   0x00001299       0x22 ./src/sysinit.o
 .debug_macro   0x000012bb       0x7b ./src/sysinit.o
 .debug_macro   0x00001336       0x16 ./src/sysinit.o
 .debug_macro   0x0000134c       0x28 ./src/sysinit.o
 .debug_macro   0x00001374       0x3a ./src/sysinit.o
 .debug_macro   0x000013ae       0x1f ./src/sysinit.o
 .debug_macro   0x000013cd      0x250 ./src/sysinit.o
 .debug_macro   0x0000161d      0x1ae ./src/sysinit.o
 .debug_macro   0x000017cb       0xca ./src/sysinit.o
 .debug_macro   0x00001895       0x6a ./src/sysinit.o
 .debug_macro   0x000018ff       0x70 ./src/sysinit.o
 .debug_macro   0x0000196f       0x28 ./src/sysinit.o
 .debug_macro   0x00001997      0x190 ./src/sysinit.o
 .debug_macro   0x00001b27       0x24 ./src/sysinit.o
 .debug_macro   0x00001b4b       0x64 ./src/sysinit.o
 .debug_macro   0x00001baf       0x10 ./src/sysinit.o
 .debug_macro   0x00001bbf       0x22 ./src/sysinit.o
 .debug_macro   0x00001be1       0xb2 ./src/sysinit.o
 .debug_macro   0x00001c93       0x58 ./src/sysinit.o
 .debug_macro   0x00001ceb       0x58 ./src/sysinit.o
 .debug_macro   0x00001d43       0x6a ./src/sysinit.o
 .debug_macro   0x00001dad       0x82 ./src/sysinit.o
 .debug_macro   0x00001e2f       0x16 ./src/sysinit.o
 .debug_macro   0x00001e45      0x16f ./src/sysinit.o
 .debug_macro   0x00001fb4       0x22 ./src/sysinit.o
 .debug_macro   0x00001fd6       0x52 ./src/sysinit.o
 .debug_macro   0x00002028      0x181 ./src/sysinit.o
 .debug_macro   0x000021a9      0x289 ./src/sysinit.o
 .debug_macro   0x00002432      0x28b ./src/sysinit.o
 .debug_macro   0x000026bd       0x2e ./src/sysinit.o
 .debug_macro   0x000026eb       0x22 ./src/sysinit.o
 .debug_macro   0x0000270d      0x216 ./src/sysinit.o
 .debug_macro   0x00002923      0x1d5 ./src/sysinit.o
 .debug_macro   0x00002af8       0x16 ./src/sysinit.o
 .debug_macro   0x00002b0e       0x9a ./src/sysinit.o
 .debug_macro   0x00002ba8       0x20 ./src/sysinit.o
 .debug_macro   0x00002bc8      0x247 ./src/usart0_test.o
 .debug_macro   0x00002e0f      0x23e ./delay/delay.o
 .debug_macro   0x0000304d      0x257 D:\Board\LPC824Lite\workspace\lpc_board_ucdrogon_lpc824lite\Debug\liblpc_board_ucdrogon_lpc824lite.a(board.o)
 .debug_macro   0x000032a4      0x83e D:\Board\LPC824Lite\workspace\lpc_board_ucdrogon_lpc824lite\Debug\liblpc_board_ucdrogon_lpc824lite.a(board.o)
 .debug_macro   0x00003ae2       0x12 D:\Board\LPC824Lite\workspace\lpc_board_ucdrogon_lpc824lite\Debug\liblpc_board_ucdrogon_lpc824lite.a(board.o)
 .debug_macro   0x00003af4      0x234 D:\Board\LPC824Lite\workspace\lpc_board_ucdrogon_lpc824lite\Debug\liblpc_board_ucdrogon_lpc824lite.a(board_sysinit.o)
 .debug_macro   0x00003d28      0x1ff D:\Board\LPC824Lite\workspace\lpc_chip_82x\Debug\liblpc_chip_82x.a(chip_8xx.o)
 .debug_macro   0x00003f27      0x838 D:\Board\LPC824Lite\workspace\lpc_chip_82x\Debug\liblpc_chip_82x.a(chip_8xx.o)
 .debug_macro   0x0000475f      0x1ff D:\Board\LPC824Lite\workspace\lpc_chip_82x\Debug\liblpc_chip_82x.a(clock_8xx.o)
 .debug_macro   0x0000495e      0x1ff D:\Board\LPC824Lite\workspace\lpc_chip_82x\Debug\liblpc_chip_82x.a(gpio_8xx.o)
 .debug_macro   0x00004b5d      0x20b D:\Board\LPC824Lite\workspace\lpc_chip_82x\Debug\liblpc_chip_82x.a(swm_8xx.o)
 .debug_macro   0x00004d68      0x20b D:\Board\LPC824Lite\workspace\lpc_chip_82x\Debug\liblpc_chip_82x.a(sysinit_8xx.o)
 .debug_macro   0x00004f73      0x1ff D:\Board\LPC824Lite\workspace\lpc_chip_82x\Debug\liblpc_chip_82x.a(uart_8xx.o)
 .debug_macro   0x00005172      0x1ff D:\Board\LPC824Lite\workspace\lpc_chip_82x\Debug\liblpc_chip_82x.a(irc_8xx.o)
 .debug_macro   0x00005371      0x217 D:\Board\LPC824Lite\workspace\lpc_chip_82x\Debug\liblpc_chip_82x.a(syscon_8xx.o)

.debug_str      0x00000000     0xe356
 .debug_str     0x00000000     0x2573 ./src/cr_startup_lpc82x.o
                               0x2586 (size before relaxing)
 .debug_str     0x00002573       0xe9 ./src/crp.o
                               0x2492 (size before relaxing)
 .debug_str     0x0000265c      0x519 ./src/mtb.o
                               0x28c3 (size before relaxing)
 .debug_str     0x00002b75     0x90e3 ./src/sysinit.o
                               0xb53c (size before relaxing)
 .debug_str     0x0000bc58      0xbbf ./src/usart0_test.o
                               0xc56f (size before relaxing)
 .debug_str     0x0000c817       0x5d ./delay/delay.o
                               0xb76f (size before relaxing)
 .debug_str     0x0000c874      0x3f3 D:\Board\LPC824Lite\workspace\lpc_board_ucdrogon_lpc824lite\Debug\liblpc_board_ucdrogon_lpc824lite.a(board.o)
                               0xc49c (size before relaxing)
 .debug_str     0x0000cc67       0x4e D:\Board\LPC824Lite\workspace\lpc_board_ucdrogon_lpc824lite\Debug\liblpc_board_ucdrogon_lpc824lite.a(board_sysinit.o)
                               0xb982 (size before relaxing)
 .debug_str     0x0000ccb5      0x106 D:\Board\LPC824Lite\workspace\lpc_chip_82x\Debug\liblpc_chip_82x.a(chip_8xx.o)
                               0xb3d7 (size before relaxing)
 .debug_str     0x0000cdbb      0x7bd D:\Board\LPC824Lite\workspace\lpc_chip_82x\Debug\liblpc_chip_82x.a(clock_8xx.o)
                               0xbda3 (size before relaxing)
 .debug_str     0x0000d578       0x32 D:\Board\LPC824Lite\workspace\lpc_chip_82x\Debug\liblpc_chip_82x.a(gpio_8xx.o)
                               0xb67d (size before relaxing)
 .debug_str     0x0000d5aa       0xe8 D:\Board\LPC824Lite\workspace\lpc_chip_82x\Debug\liblpc_chip_82x.a(swm_8xx.o)
                               0xb7b4 (size before relaxing)
 .debug_str     0x0000d692      0x161 D:\Board\LPC824Lite\workspace\lpc_chip_82x\Debug\liblpc_chip_82x.a(sysinit_8xx.o)
                               0xb637 (size before relaxing)
 .debug_str     0x0000d7f3      0x1f3 D:\Board\LPC824Lite\workspace\lpc_chip_82x\Debug\liblpc_chip_82x.a(uart_8xx.o)
                               0xb9a2 (size before relaxing)
 .debug_str     0x0000d9e6      0x85c D:\Board\LPC824Lite\workspace\lpc_chip_82x\Debug\liblpc_chip_82x.a(irc_8xx.o)
                               0xc017 (size before relaxing)
 .debug_str     0x0000e242      0x114 D:\Board\LPC824Lite\workspace\lpc_chip_82x\Debug\liblpc_chip_82x.a(syscon_8xx.o)
                               0xb4f3 (size before relaxing)

.debug_frame    0x00000000     0x10ac
 .debug_frame   0x00000000      0x118 ./src/cr_startup_lpc82x.o
 .debug_frame   0x00000118       0x2c ./src/sysinit.o
 .debug_frame   0x00000144      0x128 ./src/usart0_test.o
 .debug_frame   0x0000026c       0x70 ./delay/delay.o
 .debug_frame   0x000002dc      0x324 D:\Board\LPC824Lite\workspace\lpc_board_ucdrogon_lpc824lite\Debug\liblpc_board_ucdrogon_lpc824lite.a(board.o)
 .debug_frame   0x00000600       0x84 D:\Board\LPC824Lite\workspace\lpc_board_ucdrogon_lpc824lite\Debug\liblpc_board_ucdrogon_lpc824lite.a(board_sysinit.o)
 .debug_frame   0x00000684       0x2c D:\Board\LPC824Lite\workspace\lpc_chip_82x\Debug\liblpc_chip_82x.a(chip_8xx.o)
 .debug_frame   0x000006b0      0x354 D:\Board\LPC824Lite\workspace\lpc_chip_82x\Debug\liblpc_chip_82x.a(clock_8xx.o)
 .debug_frame   0x00000a04       0x90 D:\Board\LPC824Lite\workspace\lpc_chip_82x\Debug\liblpc_chip_82x.a(gpio_8xx.o)
 .debug_frame   0x00000a94       0x90 D:\Board\LPC824Lite\workspace\lpc_chip_82x\Debug\liblpc_chip_82x.a(swm_8xx.o)
 .debug_frame   0x00000b24       0xe0 D:\Board\LPC824Lite\workspace\lpc_chip_82x\Debug\liblpc_chip_82x.a(sysinit_8xx.o)
 .debug_frame   0x00000c04      0x310 D:\Board\LPC824Lite\workspace\lpc_chip_82x\Debug\liblpc_chip_82x.a(uart_8xx.o)
 .debug_frame   0x00000f14      0x108 D:\Board\LPC824Lite\workspace\lpc_chip_82x\Debug\liblpc_chip_82x.a(irc_8xx.o)
 .debug_frame   0x0000101c       0x90 D:\Board\LPC824Lite\workspace\lpc_chip_82x\Debug\liblpc_chip_82x.a(syscon_8xx.o)
